Copyright 1986-2022 Xilinx, Inc. All Rights Reserved. Copyright 2022-2023 Advanced Micro Devices, Inc. All Rights Reserved.
---------------------------------------------------------------------------------------------------------------------------------------------
| Tool Version : Vivado v.2023.2 (lin64) Build 4029153 Fri Oct 13 20:13:54 MDT 2023
| Date         : Wed Oct  1 19:44:16 2025
| Host         : DESKTOP-8IM51LT running 64-bit Ubuntu 24.04.3 LTS
| Command      : report_utilization -hierarchical -file digilent_nexys4ddr_utilization_hierarchical_synth.rpt
| Design       : digilent_nexys4ddr
| Device       : xc7a100tcsg324-1
| Speed File   : -1
| Design State : Synthesized
---------------------------------------------------------------------------------------------------------------------------------------------

Utilization Design Information

Table of Contents
-----------------
1. Utilization by Hierarchy

1. Utilization by Hierarchy
---------------------------

+----------------------------+------------------+------------+------------+---------+------+------+--------+--------+------------+
|          Instance          |      Module      | Total LUTs | Logic LUTs | LUTRAMs | SRLs |  FFs | RAMB36 | RAMB18 | DSP Blocks |
+----------------------------+------------------+------------+------------+---------+------+------+--------+--------+------------+
| digilent_nexys4ddr         |            (top) |       4341 |       4195 |     144 |    2 | 3424 |     11 |     25 |          4 |
|   (digilent_nexys4ddr)     |            (top) |       1777 |       1631 |     144 |    2 | 1954 |     10 |     17 |          0 |
|   Cfu                      |              Cfu |         16 |         16 |       0 |    0 |    0 |      0 |      0 |          0 |
|   VexRiscv                 |         VexRiscv |       2548 |       2548 |       0 |    0 | 1470 |      1 |      8 |          4 |
|     (VexRiscv)             |         VexRiscv |       1098 |       1098 |       0 |    0 | 1302 |      0 |      2 |          4 |
|     IBusCachedPlugin_cache | InstructionCache |        883 |        883 |       0 |    0 |  103 |      1 |      1 |          0 |
|     dataCache_1            |        DataCache |        567 |        567 |       0 |    0 |   65 |      0 |      5 |          0 |
+----------------------------+------------------+------------+------------+---------+------+------+--------+--------+------------+


