Copyright 1986-2022 Xilinx, Inc. All Rights Reserved. Copyright 2022-2023 Advanced Micro Devices, Inc. All Rights Reserved.
---------------------------------------------------------------------------------------------------------------------------------------------
| Tool Version : Vivado v.2023.2 (lin64) Build 4029153 Fri Oct 13 20:13:54 MDT 2023
| Date         : Wed Oct  1 19:44:41 2025
| Host         : DESKTOP-8IM51LT running 64-bit Ubuntu 24.04.3 LTS
| Command      : report_control_sets -verbose -file digilent_nexys4ddr_control_sets.rpt
| Design       : digilent_nexys4ddr
| Device       : xc7a100t
---------------------------------------------------------------------------------------------------------------------------------------------

Control Set Information

Table of Contents
-----------------
1. Summary
2. Histogram
3. Flip-Flop Distribution
4. Detailed Control Set Information

1. Summary
----------

+----------------------------------------------------------+-------+
|                          Status                          | Count |
+----------------------------------------------------------+-------+
| Total control sets                                       |   133 |
|    Minimum number of control sets                        |   133 |
|    Addition due to synthesis replication                 |     0 |
|    Addition due to physical synthesis replication        |     0 |
| Unused register locations in slices containing registers |   317 |
+----------------------------------------------------------+-------+
* Control sets can be merged at opt_design using control_set_merge or merge_equivalent_drivers
** Run report_qor_suggestions for automated merging and remapping suggestions


2. Histogram
------------

+--------------------+-------+
|       Fanout       | Count |
+--------------------+-------+
| Total control sets |   133 |
| >= 0 to < 4        |    14 |
| >= 4 to < 6        |    27 |
| >= 6 to < 8        |     4 |
| >= 8 to < 10       |     7 |
| >= 10 to < 12      |     1 |
| >= 12 to < 14      |    10 |
| >= 14 to < 16      |     1 |
| >= 16              |    69 |
+--------------------+-------+
* Control sets can be remapped at either synth_design or opt_design


3. Flip-Flop Distribution
-------------------------

+--------------+-----------------------+------------------------+-----------------+--------------+
| Clock Enable | Synchronous Set/Reset | Asynchronous Set/Reset | Total Registers | Total Slices |
+--------------+-----------------------+------------------------+-----------------+--------------+
| No           | No                    | No                     |             515 |          206 |
| No           | No                    | Yes                    |               4 |            2 |
| No           | Yes                   | No                     |             565 |          241 |
| Yes          | No                    | No                     |            1202 |          420 |
| Yes          | No                    | Yes                    |               0 |            0 |
| Yes          | Yes                   | No                     |            1133 |          376 |
+--------------+-----------------------+------------------------+-----------------+--------------+


4. Detailed Control Set Information
-----------------------------------

+----------------+-----------------------------------------------------------------------------------------------------+-------------------------------------------------------------------------+------------------+----------------+--------------+
|  Clock Signal  |                                            Enable Signal                                            |                             Set/Reset Signal                            | Slice Load Count | Bel Load Count | Bels / Slice |
+----------------+-----------------------------------------------------------------------------------------------------+-------------------------------------------------------------------------+------------------+----------------+--------------+
|  sys_clk       | soc_basesoc_serial_tx_rs232phytx_next_value_ce1                                                     | sys_rst                                                                 |                1 |              1 |         1.00 |
|  idelay_clk    |                                                                                                     |                                                                         |                1 |              1 |         1.00 |
|  sys_clk       |                                                                                                     | soc_basesoc_sdram_bankmachine3_twtpcon_ready_i_1_n_0                    |                1 |              1 |         1.00 |
|  sys_clk       |                                                                                                     | soc_basesoc_sdram_bankmachine0_twtpcon_ready_i_1_n_0                    |                1 |              1 |         1.00 |
|  sys_clk       |                                                                                                     | soc_basesoc_sdram_bankmachine2_twtpcon_ready_i_1_n_0                    |                1 |              1 |         1.00 |
|  sys_clk       |                                                                                                     | soc_basesoc_sdram_bankmachine1_twtpcon_ready_i_1_n_0                    |                1 |              1 |         1.00 |
|  sys_clk       |                                                                                                     | soc_basesoc_sdram_bankmachine5_twtpcon_ready_i_1_n_0                    |                1 |              1 |         1.00 |
|  sys_clk       |                                                                                                     | soc_basesoc_sdram_bankmachine4_twtpcon_ready_i_1_n_0                    |                1 |              1 |         1.00 |
|  sys_clk       |                                                                                                     | soc_basesoc_sdram_bankmachine7_twtpcon_ready_i_1_n_0                    |                1 |              1 |         1.00 |
|  sys_clk       |                                                                                                     | soc_basesoc_sdram_twtrcon_ready_i_1_n_0                                 |                1 |              1 |         1.00 |
|  sys_clk       |                                                                                                     | soc_basesoc_sdram_bankmachine6_twtpcon_ready_i_1_n_0                    |                1 |              1 |         1.00 |
|  idelay_clk    |                                                                                                     | soc_builder_xilinxasyncresetsynchronizerimpl0_async_reset               |                1 |              2 |         2.00 |
|  sys_clk       |                                                                                                     | soc_builder_xilinxasyncresetsynchronizerimpl0_async_reset               |                1 |              2 |         2.00 |
|  sys_clk       | VexRiscv/_zz_iBus_rsp_valid                                                                         | VexRiscv/dataCache_1/reset0                                             |                1 |              3 |         3.00 |
|  sys_clk       | VexRiscv/IBusCachedPlugin_cache/E[0]                                                                | sys_rst                                                                 |                2 |              4 |         2.00 |
|  sys_clk       | soc_basesoc_sdram_sequencer_trigger[3]_i_1_n_0                                                      | sys_rst                                                                 |                1 |              4 |         4.00 |
|  sys_clk       | VexRiscv/IBusCachedPlugin_cache/soc_basesoc_sdram_bankmachine4_cmd_buffer_lookahead_level_reg[3][0] | sys_rst                                                                 |                2 |              4 |         2.00 |
|  sys_clk       | VexRiscv/IBusCachedPlugin_cache/soc_basesoc_sdram_bankmachine7_cmd_buffer_lookahead_level_reg[0][0] | sys_rst                                                                 |                2 |              4 |         2.00 |
|  sys_clk       | soc_basesoc_sdram_storage[3]_i_1_n_0                                                                | sys_rst                                                                 |                1 |              4 |         4.00 |
|  sys_clk       | VexRiscv/IBusCachedPlugin_cache/soc_basesoc_sdram_bankmachine2_cmd_buffer_lookahead_level_reg[0][0] | sys_rst                                                                 |                2 |              4 |         2.00 |
|  sys_clk       | soc_basesoc_uart_rx_fifo_wrport_we__0                                                               | sys_rst                                                                 |                1 |              4 |         4.00 |
|  sys_clk       | VexRiscv/IBusCachedPlugin_cache/soc_basesoc_sdram_bankmachine5_cmd_buffer_lookahead_level_reg[0][0] | sys_rst                                                                 |                2 |              4 |         2.00 |
|  idelay_clk    | soc_crg_reset_counter[3]_i_1_n_0                                                                    | idelay_rst                                                              |                1 |              4 |         4.00 |
|  sys_clk       | soc_basesoc_rx_tick                                                                                 | soc_basesoc_rx_phase[31]_i_1_n_0                                        |                1 |              4 |         4.00 |
|  sys_clk       | soc_builder_basesoc_multiplexer_next_state                                                          | sys_rst                                                                 |                1 |              4 |         4.00 |
|  sys_clk       | soc_basesoc_uart_rx_fifo_syncfifo_re                                                                | sys_rst                                                                 |                1 |              4 |         4.00 |
|  sys_clk       | soc_basesoc_sdram_time1[3]_i_1_n_0                                                                  | sys_rst                                                                 |                2 |              4 |         2.00 |
|  sys_clk       | VexRiscv/IBusCachedPlugin_cache/soc_basesoc_sdram_bankmachine1_cmd_buffer_lookahead_level_reg[0][0] | sys_rst                                                                 |                1 |              4 |         4.00 |
|  sys_clk       | VexRiscv/IBusCachedPlugin_cache/soc_basesoc_sdram_bankmachine6_cmd_buffer_lookahead_level_reg[0][0] | sys_rst                                                                 |                1 |              4 |         4.00 |
|  sys_clk       | VexRiscv/dataCache_1/when_CsrPlugin_l922_1                                                          | VexRiscv/IBusCachedPlugin_cache/io_cpu_fetch_data_regNextWhen_reg[27]_0 |                2 |              4 |         2.00 |
|  sys_clk       | VexRiscv/dataCache_1/when_CsrPlugin_l922_1                                                          | VexRiscv/IBusCachedPlugin_cache/io_cpu_fetch_data_regNextWhen_reg[24]_0 |                1 |              4 |         4.00 |
|  sys_clk       | VexRiscv/IBusCachedPlugin_cache/soc_basesoc_sdram_bankmachine3_cmd_buffer_lookahead_level_reg[0][0] | sys_rst                                                                 |                1 |              4 |         4.00 |
|  sys_clk       | soc_basesoc_uart_tx_fifo_wrport_we__0                                                               | sys_rst                                                                 |                1 |              4 |         4.00 |
|  sys_clk       | soc_basesoc_tx_tick                                                                                 | soc_basesoc_tx_phase[31]_i_1_n_0                                        |                1 |              4 |         4.00 |
|  sys_clk       | soc_basesoc_uart_tx_fifo_syncfifo_re                                                                | sys_rst                                                                 |                1 |              4 |         4.00 |
|  sys_clk       | soc_a7ddrphy_half_sys8x_taps_storage[4]_i_1_n_0                                                     | sys_rst                                                                 |                1 |              5 |         5.00 |
|  sys_clk       | VexRiscv/dataCache_1/execute_arbitration_isValid_reg_1[0]                                           |                                                                         |                3 |              5 |         1.67 |
|  sys_clk       | soc_basesoc_sdram_time0[4]_i_1_n_0                                                                  | sys_rst                                                                 |                2 |              5 |         2.50 |
|  sys_clk       | soc_basesoc_uart_rx_fifo_level0[4]_i_1_n_0                                                          | sys_rst                                                                 |                2 |              5 |         2.50 |
|  sys_clk       | soc_basesoc_uart_tx_fifo_level0[4]_i_1_n_0                                                          | sys_rst                                                                 |                2 |              5 |         2.50 |
|  sys_clk       |                                                                                                     | soc_builder_csr_bankarray_interface1_bank_bus_dat_r[4]_i_1_n_0          |                3 |              5 |         1.67 |
|  sys_clk       | soc_basesoc_sdram_phaseinjector0_command_storage[5]_i_1_n_0                                         | sys_rst                                                                 |                2 |              6 |         3.00 |
|  sys_clk       | soc_basesoc_sdram_phaseinjector1_command_storage[5]_i_1_n_0                                         | sys_rst                                                                 |                2 |              6 |         3.00 |
|  sys_clk       |                                                                                                     | VexRiscv/dataCache_1/SR[0]                                              |                3 |              6 |         2.00 |
|  sys_clk       | soc_basesoc_tx_data1_in0                                                                            |                                                                         |                1 |              7 |         7.00 |
|  sys_clk       | VexRiscv/IBusCachedPlugin_cache/when_InstructionCache_l338                                          | VexRiscv/IBusCachedPlugin_cache/when_InstructionCache_l351              |                3 |              8 |         2.67 |
|  sys_clk       | soc_basesoc_uart_rx_fifo_syncfifo_re                                                                |                                                                         |                2 |              8 |         4.00 |
|  soc_crg_clkin |                                                                                                     |                                                                         |                2 |              8 |         4.00 |
|  sys_clk       | soc_basesoc_uart_tx_fifo_syncfifo_re                                                                |                                                                         |                2 |              8 |         4.00 |
|  sys_clk       |                                                                                                     | soc_builder_csr_bankarray_interface5_bank_bus_dat_r[7]_i_1_n_0          |                2 |              8 |         4.00 |
|  sys_clk       | soc_basesoc_rx_data_rs232phyrx_next_value_ce1                                                       |                                                                         |                2 |              8 |         4.00 |
|  sys_clk       | VexRiscv/dataCache_1/stageB_flusher_counter[7]_i_1_n_0                                              | VexRiscv/dataCache_1/reset0                                             |                3 |              8 |         2.67 |
|  sys_clk       |                                                                                                     | soc_basesoc_sdram_timer_count1[9]_i_1_n_0                               |                2 |             10 |         5.00 |
|  sys_clk       | soc_basesoc_sdram_bankmachine0_row_col_n_addr_sel                                                   | sys_rst                                                                 |                4 |             13 |         3.25 |
|  sys_clk       | soc_basesoc_sdram_bankmachine2_row[12]_i_1_n_0                                                      | sys_rst                                                                 |                3 |             13 |         4.33 |
|  sys_clk       | soc_basesoc_sdram_bankmachine3_row_col_n_addr_sel                                                   | sys_rst                                                                 |                3 |             13 |         4.33 |
|  sys_clk       | soc_basesoc_sdram_bankmachine7_row[12]_i_1_n_0                                                      | sys_rst                                                                 |                3 |             13 |         4.33 |
|  sys_clk       | soc_basesoc_sdram_bankmachine4_row_col_n_addr_sel                                                   | sys_rst                                                                 |                3 |             13 |         4.33 |
|  sys_clk       | soc_basesoc_sdram_phaseinjector0_address_storage[12]_i_1_n_0                                        |                                                                         |                4 |             13 |         3.25 |
|  sys_clk       | soc_basesoc_sdram_bankmachine6_row_col_n_addr_sel                                                   | sys_rst                                                                 |                3 |             13 |         4.33 |
|  sys_clk       | soc_builder_csr_bankarray_csrbank3_dfii_pi1_address0_re                                             |                                                                         |                4 |             13 |         3.25 |
|  sys_clk       | soc_basesoc_sdram_bankmachine5_row_col_n_addr_sel                                                   | sys_rst                                                                 |                3 |             13 |         4.33 |
|  sys_clk       | soc_basesoc_sdram_bankmachine1_row_col_n_addr_sel                                                   | sys_rst                                                                 |                2 |             13 |         6.50 |
|  sys_clk       | VexRiscv/IBusCachedPlugin_cache/soc_builder_basesoc_adr_next_value_ce1                              | FSM_onehot_soc_builder_basesoc_wishbone2csr_state_reg_n_0_[1]           |                5 |             14 |         2.80 |
|  sys_clk       | soc_basesoc_uart_rx_fifo_wrport_we__0                                                               |                                                                         |                2 |             16 |         8.00 |
|  sys_clk       | soc_basesoc_uart_tx_fifo_wrport_we__0                                                               |                                                                         |                2 |             16 |         8.00 |
|  sys_clk       | soc_done                                                                                            | sys_rst                                                                 |                3 |             16 |         5.33 |
|  sys_clk       | soc_builder_csr_bankarray_csrbank2_out0_re                                                          | sys_rst                                                                 |                3 |             16 |         5.33 |
|  sys_clk       |                                                                                                     | soc_builder_csr_bankarray_interface2_bank_bus_dat_r[15]_i_1_n_0         |                3 |             16 |         5.33 |
|  sys_clk       | VexRiscv/IBusCachedPlugin_cache/soc_builder_count_reg_12_sn_1                                       | VexRiscv/IBusCachedPlugin_cache/FDPE_1                                  |                5 |             20 |         4.00 |
|  sys_clk       |                                                                                                     | soc_count[0]_i_1_n_0                                                    |                6 |             22 |         3.67 |
|  sys_clk       | soc_basesoc_sdram_bankmachine6_cmd_buffer_sink_ready                                                | sys_rst                                                                 |                5 |             23 |         4.60 |
|  sys_clk       | VexRiscv/IBusCachedPlugin_cache/soc_basesoc_sdram_bankmachine2_cmd_buffer_sink_ready                | sys_rst                                                                 |                5 |             23 |         4.60 |
|  sys_clk       | soc_basesoc_sdram_bankmachine4_cmd_buffer_sink_ready                                                | sys_rst                                                                 |                6 |             23 |         3.83 |
|  sys_clk       | soc_basesoc_sdram_bankmachine3_cmd_buffer_sink_ready                                                | sys_rst                                                                 |                7 |             23 |         3.29 |
|  sys_clk       | soc_basesoc_sdram_bankmachine1_cmd_buffer_sink_ready                                                | sys_rst                                                                 |                7 |             23 |         3.29 |
|  sys_clk       | soc_basesoc_sdram_bankmachine0_cmd_buffer_sink_ready                                                | sys_rst                                                                 |                7 |             23 |         3.29 |
|  sys_clk       | soc_basesoc_sdram_bankmachine7_cmd_buffer_sink_ready                                                | sys_rst                                                                 |                7 |             23 |         3.29 |
|  sys_clk       | soc_basesoc_sdram_bankmachine5_cmd_buffer_sink_ready                                                | sys_rst                                                                 |                6 |             23 |         3.83 |
|  sys_clk       | soc_a7ddrphy_bitslip8_value10                                                                       | soc_a7ddrphy_bitslip15_value1                                           |                9 |             24 |         2.67 |
|  sys_clk       | soc_a7ddrphy_bitslip0_value30                                                                       | soc_a7ddrphy_bitslip7_value1                                            |                8 |             24 |         3.00 |
|  sys_clk       | VexRiscv/IBusCachedPlugin_cache/_zz_IBusCachedPlugin_iBusRsp_stages_1_output_m2sPipe_valid_reg      | VexRiscv/IBusCachedPlugin_cache/soc_basesoc_reset_storage_reg[0]        |                9 |             27 |         3.00 |
|  sys_clk       | VexRiscv/IBusCachedPlugin_cache/lineLoader_address[31]_i_1_n_0                                      |                                                                         |                8 |             27 |         3.38 |
|  sys_clk       | VexRiscv/dataCache_1/execute_CsrPlugin_csr_769_reg[0]                                               | VexRiscv/dataCache_1/reset0                                             |               14 |             28 |         2.00 |
|  sys_clk       |                                                                                                     | soc_basesoc_rx_phase[31]_i_1_n_0                                        |                8 |             30 |         3.75 |
|  sys_clk       |                                                                                                     | soc_basesoc_tx_phase[31]_i_1_n_0                                        |                8 |             30 |         3.75 |
|  sys_clk       | VexRiscv/dataCache_1/stageB_mmuRsp_physicalAddress[30]_i_1_n_0                                      |                                                                         |               11 |             30 |         2.73 |
|  sys_clk       | VexRiscv/dataCache_1/E[0]                                                                           |                                                                         |                9 |             30 |         3.33 |
|  sys_clk       | soc_a7ddrphy_bitslip0_value00                                                                       | soc_a7ddrphy_bitslip7_value0                                            |               18 |             30 |         1.67 |
|  sys_clk       | soc_a7ddrphy_bitslip1_value00                                                                       | soc_a7ddrphy_bitslip15_value0                                           |               18 |             30 |         1.67 |
|  sys_clk       | VexRiscv/dataCache_1/execute_CsrPlugin_csr_3008_reg[0]                                              | VexRiscv/dataCache_1/reset0                                             |               16 |             32 |         2.00 |
|  sys_clk       | soc_builder_basesoc_dat_w_next_value_ce0                                                            |                                                                         |               10 |             32 |         3.20 |
|  sys_clk       | soc_basesoc_timer_update_value_re                                                                   | sys_rst                                                                 |               10 |             32 |         3.20 |
|  sys_clk       | VexRiscv/IBusCachedPlugin_cache/soc_builder_basesoc_litedramnativeportconverter_state_reg           |                                                                         |                4 |             32 |         8.00 |
|  sys_clk       | VexRiscv/IBusCachedPlugin_cache/soc_basesoc_sdram_bankmachine5_cmd_buffer_source_valid_reg          |                                                                         |                4 |             32 |         8.00 |
|  sys_clk       | VexRiscv/IBusCachedPlugin_cache/soc_builder_basesoc_litedramnativeportconverter_state_reg_3         |                                                                         |                4 |             32 |         8.00 |
|  sys_clk       | VexRiscv/IBusCachedPlugin_cache/soc_builder_basesoc_litedramnativeportconverter_state_reg_0         |                                                                         |                4 |             32 |         8.00 |
|  sys_clk       | VexRiscv/IBusCachedPlugin_cache/soc_basesoc_sdram_bankmachine6_cmd_buffer_lookahead_level_reg[2]    |                                                                         |                4 |             32 |         8.00 |
|  sys_clk       | VexRiscv/dataCache_1/execute_arbitration_isValid_reg_0[0]                                           | VexRiscv/dataCache_1/reset0                                             |               14 |             32 |         2.29 |
|  sys_clk       |                                                                                                     | soc_builder_csr_bankarray_interface0_bank_bus_dat_r[31]_i_1_n_0         |               15 |             32 |         2.13 |
|  sys_clk       | VexRiscv/dataCache_1/execute_arbitration_isValid_reg_0[1]                                           | VexRiscv/dataCache_1/reset0                                             |               15 |             32 |         2.13 |
|  sys_clk       | soc_builder_csr_bankarray_csrbank0_scratch0_re                                                      | sys_rst                                                                 |                8 |             32 |         4.00 |
|  sys_clk       | soc_builder_csr_bankarray_csrbank4_reload0_re                                                       | sys_rst                                                                 |                5 |             32 |         6.40 |
|  sys_clk       |                                                                                                     | soc_builder_csr_bankarray_interface3_bank_bus_dat_r[31]_i_1_n_0         |               20 |             32 |         1.60 |
|  sys_clk       | soc_basesoc_bus_errors                                                                              | sys_rst                                                                 |                8 |             32 |         4.00 |
|  sys_clk       | VexRiscv/memory_DivPlugin_div_result                                                                |                                                                         |                8 |             32 |         4.00 |
|  sys_clk       | VexRiscv/IBusCachedPlugin_cache/CsrPlugin_exceptionPortCtrl_exceptionContext_badAddr                |                                                                         |               11 |             32 |         2.91 |
|  sys_clk       | VexRiscv/CfuPlugin_bus_rsp_rValid                                                                   |                                                                         |               15 |             32 |         2.13 |
|  sys_clk       | soc_basesoc_sdram_phaseinjector1_wrdata_storage[31]_i_1_n_0                                         |                                                                         |                7 |             32 |         4.57 |
|  sys_clk       | VexRiscv/dataCache_1/execute_arbitration_isValid_reg_2[0]                                           |                                                                         |               16 |             32 |         2.00 |
|  sys_clk       | soc_builder_csr_bankarray_csrbank4_load0_re                                                         | sys_rst                                                                 |                8 |             32 |         4.00 |
|  sys_clk       | VexRiscv/dataCache_1/CsrPlugin_hadException_reg[0]                                                  |                                                                         |               11 |             32 |         2.91 |
|  sys_clk       | VexRiscv/dataCache_1/execute_CsrPlugin_csr_832_reg[0]                                               |                                                                         |               14 |             32 |         2.29 |
|  sys_clk       |                                                                                                     | soc_builder_csr_bankarray_interface4_bank_bus_dat_r[31]_i_1_n_0         |               12 |             32 |         2.67 |
|  sys_clk       | soc_basesoc_sdram_phaseinjector0_wrdata_storage[31]_i_1_n_0                                         |                                                                         |                7 |             32 |         4.57 |
|  sys_clk       | VexRiscv/dataCache_1/execute_CsrPlugin_csr_773_reg[0]                                               |                                                                         |               12 |             32 |         2.67 |
|  sys_clk       | VexRiscv/dataCache_1/memory_DivPlugin_div_done_reg_0[0]                                             |                                                                         |                8 |             32 |         4.00 |
|  sys_clk       | VexRiscv/IBusCachedPlugin_cache/soc_builder_basesoc_litedramnativeportconverter_state_reg_2         |                                                                         |                4 |             32 |         8.00 |
|  sys_clk       | VexRiscv/IBusCachedPlugin_cache/soc_builder_basesoc_litedramnativeportconverter_state_reg_1         |                                                                         |                4 |             32 |         8.00 |
|  sys_clk       | VexRiscv/IBusCachedPlugin_cache/tag_mem_reg                                                         |                                                                         |                4 |             32 |         8.00 |
|  sys_clk       | VexRiscv/memory_DivPlugin_rs1[0]                                                                    | VexRiscv/dataCache_1/memory_DivPlugin_div_counter_willClear             |                6 |             32 |         5.33 |
|  sys_clk       | VexRiscv/IBusCachedPlugin_cache/IBusCachedPlugin_iBusRsp_stages_1_output_m2sPipe_ready              |                                                                         |               16 |             64 |         4.00 |
|  sys_clk       | p_2_out[79]                                                                                         | sys_rst                                                                 |               25 |             64 |         2.56 |
|  sys_clk       | p_2_out[15]                                                                                         | sys_rst                                                                 |               27 |             64 |         2.37 |
|  sys_clk       | soc_basesoc_sdram_phaseinjector0_rddata_status[31]_i_1_n_0                                          | sys_rst                                                                 |               21 |             64 |         3.05 |
|  sys_clk       | VexRiscv/IBusCachedPlugin_cache/soc_builder_grant_reg_1[0]                                          |                                                                         |               17 |             70 |         4.12 |
|  sys_clk       | VexRiscv/dataCache_1_io_mem_cmd_ready                                                               |                                                                         |               20 |             70 |         3.50 |
|  sys_clk       |                                                                                                     | VexRiscv/dataCache_1/reset0                                             |               37 |             89 |         2.41 |
|  sys_clk       | VexRiscv/dataCache_1/memory_CfuPlugin_rsp_ready0                                                    |                                                                         |               56 |            141 |         2.52 |
|  sys_clk       | VexRiscv/dataCache_1/when_CsrPlugin_l922_1                                                          |                                                                         |               74 |            171 |         2.31 |
|  sys_clk       | VexRiscv/dataCache_1/memory_DivPlugin_div_counter_willClear                                         |                                                                         |               72 |            185 |         2.57 |
|  sys_clk       |                                                                                                     | sys_rst                                                                 |              113 |            244 |         2.16 |
|  sys_clk       |                                                                                                     |                                                                         |              203 |            508 |         2.50 |
+----------------+-----------------------------------------------------------------------------------------------------+-------------------------------------------------------------------------+------------------+----------------+--------------+


