Copyright 1986-2022 Xilinx, Inc. All Rights Reserved. Copyright 2022-2023 Advanced Micro Devices, Inc. All Rights Reserved.
---------------------------------------------------------------------------------------------------------------------------------------------
| Tool Version : Vivado v.2023.2 (lin64) Build 4029153 Fri Oct 13 20:13:54 MDT 2023
| Date         : Thu Nov 27 12:12:56 2025
| Host         : DESKTOP-8IM51LT running 64-bit Ubuntu 24.04.3 LTS
| Command      : report_utilization -hierarchical -file digilent_nexys4ddr_utilization_hierarchical_place.rpt
| Design       : digilent_nexys4ddr
| Device       : xc7a100tcsg324-1
| Speed File   : -1
| Design State : Fully Placed
---------------------------------------------------------------------------------------------------------------------------------------------

Utilization Design Information

Table of Contents
-----------------
1. Utilization by Hierarchy

1. Utilization by Hierarchy
---------------------------

+----------------------------+------------------------------------+------------+------------+---------+------+------+--------+--------+------------+
|          Instance          |               Module               | Total LUTs | Logic LUTs | LUTRAMs | SRLs |  FFs | RAMB36 | RAMB18 | DSP Blocks |
+----------------------------+------------------------------------+------------+------------+---------+------+------+--------+--------+------------+
| digilent_nexys4ddr         |                              (top) |       7464 |       7318 |     144 |    2 | 4988 |     34 |     26 |          5 |
|   (digilent_nexys4ddr)     |                              (top) |       1733 |       1587 |     144 |    2 | 1954 |     10 |     17 |          0 |
|   Cfu                      |                                Cfu |       2750 |       2750 |       0 |    0 | 1287 |     22 |      1 |          1 |
|     (Cfu)                  |                                Cfu |         65 |         65 |       0 |    0 |  245 |      0 |      0 |          0 |
|     gbuff_A                |                 global_buffer_bram |          0 |          0 |       0 |    0 |    0 |      4 |      0 |          0 |
|     gbuff_B                |               global_buffer_bram_0 |          0 |          0 |       0 |    0 |    0 |      4 |      0 |          0 |
|     gbuff_C                | global_buffer_bram__parameterized0 |          0 |          0 |       0 |    0 |    0 |     14 |      1 |          0 |
|     tpu                    |                                TPU |       2685 |       2685 |       0 |    0 | 1042 |      0 |      0 |          1 |
|       (tpu)                |                                TPU |         38 |         38 |       0 |    0 |   53 |      0 |      0 |          0 |
|       ctrl                 |                         controller |        949 |        949 |       0 |    0 |  125 |      0 |      0 |          1 |
|       data_loader_a        |                        data_loader |         24 |         24 |       0 |    0 |   80 |      0 |      0 |          0 |
|       data_loader_b        |                      data_loader_1 |        122 |        122 |       0 |    0 |   80 |      0 |      0 |          0 |
|       sys_array            |                     systolic_array |       1556 |       1556 |       0 |    0 |  704 |      0 |      0 |          0 |
|         ROW[0].COL[0].pe   |                                 PE |        115 |        115 |       0 |    0 |   48 |      0 |      0 |          0 |
|         ROW[0].COL[1].pe   |                               PE_2 |        114 |        114 |       0 |    0 |   48 |      0 |      0 |          0 |
|         ROW[0].COL[2].pe   |                               PE_3 |        115 |        115 |       0 |    0 |   48 |      0 |      0 |          0 |
|         ROW[0].COL[3].pe   |                               PE_4 |        106 |        106 |       0 |    0 |   40 |      0 |      0 |          0 |
|         ROW[1].COL[0].pe   |                               PE_5 |        123 |        123 |       0 |    0 |   48 |      0 |      0 |          0 |
|         ROW[1].COL[1].pe   |                               PE_6 |        121 |        121 |       0 |    0 |   48 |      0 |      0 |          0 |
|         ROW[1].COL[2].pe   |                               PE_7 |        123 |        123 |       0 |    0 |   48 |      0 |      0 |          0 |
|         ROW[1].COL[3].pe   |                               PE_8 |        113 |        113 |       0 |    0 |   40 |      0 |      0 |          0 |
|         ROW[2].COL[0].pe   |                               PE_9 |        123 |        123 |       0 |    0 |   48 |      0 |      0 |          0 |
|         ROW[2].COL[1].pe   |                              PE_10 |        121 |        121 |       0 |    0 |   48 |      0 |      0 |          0 |
|         ROW[2].COL[2].pe   |                              PE_11 |        123 |        123 |       0 |    0 |   48 |      0 |      0 |          0 |
|         ROW[2].COL[3].pe   |                              PE_12 |        113 |        113 |       0 |    0 |   40 |      0 |      0 |          0 |
|         ROW[3].COL[0].pe   |                              PE_13 |         61 |         61 |       0 |    0 |   40 |      0 |      0 |          0 |
|         ROW[3].COL[1].pe   |                              PE_14 |         76 |         76 |       0 |    0 |   40 |      0 |      0 |          0 |
|         ROW[3].COL[2].pe   |                              PE_15 |         61 |         61 |       0 |    0 |   40 |      0 |      0 |          0 |
|         ROW[3].COL[3].pe   |                              PE_16 |         68 |         68 |       0 |    0 |   32 |      0 |      0 |          0 |
|   VexRiscv                 |                           VexRiscv |       3008 |       3008 |       0 |    0 | 1747 |      2 |      8 |          4 |
|     (VexRiscv)             |                           VexRiscv |       1284 |       1284 |       0 |    0 | 1583 |      0 |      2 |          4 |
|     IBusCachedPlugin_cache |                   InstructionCache |        879 |        879 |       0 |    0 |   98 |      2 |      1 |          0 |
|     dataCache_1            |                          DataCache |        857 |        857 |       0 |    0 |   66 |      0 |      5 |          0 |
+----------------------------+------------------------------------+------------+------------+---------+------+------+--------+--------+------------+
* Note: The sum of lower-level cells may be larger than their parent cells total, due to cross-hierarchy LUT combining


