Copyright 1986-2022 Xilinx, Inc. All Rights Reserved. Copyright 2022-2023 Advanced Micro Devices, Inc. All Rights Reserved.
-------------------------------------------------------------------------------------------------------------------------------------------------
| Tool Version     : Vivado v.2023.2 (lin64) Build 4029153 Fri Oct 13 20:13:54 MDT 2023
| Date             : Tue Dec 23 01:16:31 2025
| Host             : DESKTOP-8IM51LT running 64-bit Ubuntu 24.04.3 LTS
| Command          : report_power -file digilent_nexys4ddr_power.rpt
| Design           : digilent_nexys4ddr
| Device           : xc7a100tcsg324-1
| Design State     : routed
| Grade            : commercial
| Process          : typical
| Characterization : Production
-------------------------------------------------------------------------------------------------------------------------------------------------

Power Report

Table of Contents
-----------------
1. Summary
1.1 On-Chip Components
1.2 Power Supply Summary
1.3 Confidence Level
2. Settings
2.1 Environment
2.2 Clock Constraints
3. Detailed Reports
3.1 By Hierarchy

1. Summary
----------

+--------------------------+--------------+
| Total On-Chip Power (W)  | 0.886        |
| Design Power Budget (W)  | Unspecified* |
| Power Budget Margin (W)  | NA           |
| Dynamic (W)              | 0.772        |
| Device Static (W)        | 0.114        |
| Effective TJA (C/W)      | 4.6          |
| Max Ambient (C)          | 81.0         |
| Junction Temperature (C) | 29.0         |
| Confidence Level         | Low          |
| Setting File             | ---          |
| Simulation Activity File | ---          |
| Design Nets Matched      | NA           |
+--------------------------+--------------+
* Specify Design Power Budget using, set_operating_conditions -design_power_budget <value in Watts>


1.1 On-Chip Components
----------------------

+--------------------------+-----------+----------+-----------+-----------------+
| On-Chip                  | Power (W) | Used     | Available | Utilization (%) |
+--------------------------+-----------+----------+-----------+-----------------+
| Clocks                   |     0.037 |        8 |       --- |             --- |
| Slice Logic              |     0.027 |    31258 |       --- |             --- |
|   LUT as Logic           |     0.023 |    12386 |     63400 |           19.54 |
|   CARRY4                 |     0.002 |      779 |     15850 |            4.91 |
|   Register               |     0.001 |     6531 |    126800 |            5.15 |
|   LUT as Distributed RAM |    <0.001 |     5008 |     19000 |           26.36 |
|   F7/F8 Muxes            |    <0.001 |     4485 |     63400 |            7.07 |
|   LUT as Shift Register  |    <0.001 |        2 |     19000 |            0.01 |
|   Others                 |     0.000 |       63 |       --- |             --- |
| Signals                  |     0.039 |    18644 |       --- |             --- |
| Block RAM                |     0.173 |      134 |       135 |           99.26 |
| MMCM                     |     0.118 |        1 |         6 |           16.67 |
| DSPs                     |     0.004 |        8 |       240 |            3.33 |
| I/O                      |     0.375 |       66 |       210 |           31.43 |
| Static Power             |     0.114 |          |           |                 |
| Total                    |     0.886 |          |           |                 |
+--------------------------+-----------+----------+-----------+-----------------+


1.2 Power Supply Summary
------------------------

+-----------+-------------+-----------+-------------+------------+-------------+-------------+------------+
| Source    | Voltage (V) | Total (A) | Dynamic (A) | Static (A) | Powerup (A) | Budget (A)  | Margin (A) |
+-----------+-------------+-----------+-------------+------------+-------------+-------------+------------+
| Vccint    |       1.000 |     0.289 |       0.268 |      0.021 |       NA    | Unspecified | NA         |
| Vccaux    |       1.800 |     0.118 |       0.100 |      0.018 |       NA    | Unspecified | NA         |
| Vcco33    |       3.300 |     0.004 |       0.000 |      0.004 |       NA    | Unspecified | NA         |
| Vcco25    |       2.500 |     0.000 |       0.000 |      0.000 |       NA    | Unspecified | NA         |
| Vcco18    |       1.800 |     0.176 |       0.172 |      0.004 |       NA    | Unspecified | NA         |
| Vcco15    |       1.500 |     0.000 |       0.000 |      0.000 |       NA    | Unspecified | NA         |
| Vcco135   |       1.350 |     0.000 |       0.000 |      0.000 |       NA    | Unspecified | NA         |
| Vcco12    |       1.200 |     0.000 |       0.000 |      0.000 |       NA    | Unspecified | NA         |
| Vccaux_io |       1.800 |     0.000 |       0.000 |      0.000 |       NA    | Unspecified | NA         |
| Vccbram   |       1.000 |     0.019 |       0.016 |      0.004 |       NA    | Unspecified | NA         |
| MGTAVcc   |       1.000 |     0.000 |       0.000 |      0.000 |       NA    | Unspecified | NA         |
| MGTAVtt   |       1.200 |     0.000 |       0.000 |      0.000 |       NA    | Unspecified | NA         |
| Vccadc    |       1.800 |     0.020 |       0.000 |      0.020 |       NA    | Unspecified | NA         |
+-----------+-------------+-----------+-------------+------------+-------------+-------------+------------+


1.3 Confidence Level
--------------------

+-----------------------------+------------+--------------------------------------------------------+------------------------------------------------------------------------------------------------------------+
| User Input Data             | Confidence | Details                                                | Action                                                                                                     |
+-----------------------------+------------+--------------------------------------------------------+------------------------------------------------------------------------------------------------------------+
| Design implementation state | High       | Design is routed                                       |                                                                                                            |
| Clock nodes activity        | High       | User specified more than 95% of clocks                 |                                                                                                            |
| I/O nodes activity          | Low        | More than 75% of inputs are missing user specification | Provide missing input activity with simulation results or by editing the "By Resource Type -> I/Os" view   |
| Internal nodes activity     | Medium     | User specified less than 25% of internal nodes         | Provide missing internal nodes activity with simulation results or by editing the "By Resource Type" views |
| Device models               | High       | Device models are Production                           |                                                                                                            |
|                             |            |                                                        |                                                                                                            |
| Overall confidence level    | Low        |                                                        |                                                                                                            |
+-----------------------------+------------+--------------------------------------------------------+------------------------------------------------------------------------------------------------------------+


2. Settings
-----------

2.1 Environment
---------------

+-----------------------+--------------------------+
| Ambient Temp (C)      | 25.0                     |
| ThetaJA (C/W)         | 4.6                      |
| Airflow (LFM)         | 250                      |
| Heat Sink             | medium (Medium Profile)  |
| ThetaSA (C/W)         | 4.6                      |
| Board Selection       | medium (10"x10")         |
| # of Board Layers     | 12to15 (12 to 15 Layers) |
| Board Temperature (C) | 25.0                     |
+-----------------------+--------------------------+


2.2 Clock Constraints
---------------------

+-----------------------------+-----------------------------+-----------------+
| Clock                       | Domain                      | Constraint (ns) |
+-----------------------------+-----------------------------+-----------------+
| clk100                      | clk100                      |            10.0 |
| soc_builder_basesoc_mmcm_fb | soc_builder_basesoc_mmcm_fb |            10.0 |
| soc_crg_clkout0             | soc_crg_clkout0             |            13.3 |
| soc_crg_clkout1             | soc_crg_clkout1             |             6.7 |
| soc_crg_clkout2             | soc_crg_clkout2             |             6.7 |
| soc_crg_clkout3             | soc_crg_clkout3             |             5.0 |
+-----------------------------+-----------------------------+-----------------+


3. Detailed Reports
-------------------

3.1 By Hierarchy
----------------

+----------------------------+-----------+
| Name                       | Power (W) |
+----------------------------+-----------+
| digilent_nexys4ddr         |     0.772 |
|   Cfu                      |     0.198 |
|     My_TPU                 |     0.022 |
|       sa                   |     0.017 |
|     My_relu                |     0.007 |
|     gbuff_A                |     0.082 |
|     gbuff_B                |     0.082 |
|     gbuff_C                |     0.004 |
|   IOBUF                    |     0.008 |
|   IOBUFDS                  |     0.006 |
|     OBUFTDS                |     0.005 |
|   IOBUFDS_1                |     0.006 |
|     OBUFTDS                |     0.005 |
|   IOBUF_1                  |     0.007 |
|   IOBUF_10                 |     0.008 |
|   IOBUF_11                 |     0.007 |
|   IOBUF_12                 |     0.007 |
|   IOBUF_13                 |     0.008 |
|   IOBUF_14                 |     0.007 |
|   IOBUF_15                 |     0.007 |
|   IOBUF_2                  |     0.007 |
|   IOBUF_3                  |     0.007 |
|   IOBUF_4                  |     0.007 |
|   IOBUF_5                  |     0.007 |
|   IOBUF_6                  |     0.007 |
|   IOBUF_7                  |     0.007 |
|   IOBUF_8                  |     0.007 |
|   IOBUF_9                  |     0.007 |
|   OBUFDS                   |     0.008 |
|   VexRiscv                 |     0.052 |
|     IBusCachedPlugin_cache |     0.017 |
|     dataCache_1            |     0.006 |
+----------------------------+-----------+


