Copyright 1986-2022 Xilinx, Inc. All Rights Reserved. Copyright 2022-2023 Advanced Micro Devices, Inc. All Rights Reserved.
---------------------------------------------------------------------------------------------------------------------------------------------
| Tool Version : Vivado v.2023.2 (lin64) Build 4029153 Fri Oct 13 20:13:54 MDT 2023
| Date         : Mon Dec 22 23:20:14 2025
| Host         : DESKTOP-8IM51LT running 64-bit Ubuntu 24.04.3 LTS
| Command      : report_timing_summary -file digilent_nexys4ddr_timing_synth.rpt
| Design       : digilent_nexys4ddr
| Device       : 7a100t-csg324
| Speed File   : -1  PRODUCTION 1.23 2018-06-13
| Design State : Synthesized
---------------------------------------------------------------------------------------------------------------------------------------------

Timing Summary Report

------------------------------------------------------------------------------------------------
| Timer Settings
| --------------
------------------------------------------------------------------------------------------------

  Enable Multi Corner Analysis               :  Yes
  Enable Pessimism Removal                   :  Yes
  Pessimism Removal Resolution               :  Nearest Common Node
  Enable Input Delay Default Clock           :  No
  Enable Preset / Clear Arcs                 :  No
  Disable Flight Delays                      :  No
  Ignore I/O Paths                           :  No
  Timing Early Launch at Borrowing Latches   :  No
  Borrow Time for Max Delay Exceptions       :  Yes
  Merge Timing Exceptions                    :  Yes
  Inter-SLR Compensation                     :  Conservative

  Corner  Analyze    Analyze    
  Name    Max Paths  Min Paths  
  ------  ---------  ---------  
  Slow    Yes        Yes        
  Fast    Yes        Yes        


------------------------------------------------------------------------------------------------
| Report Methodology
| ------------------
------------------------------------------------------------------------------------------------

No report available as report_methodology has not been run prior. Run report_methodology on the current design for the summary of methodology violations.



check_timing report

Table of Contents
-----------------
1. checking no_clock (0)
2. checking constant_clock (0)
3. checking pulse_width_clock (0)
4. checking unconstrained_internal_endpoints (0)
5. checking no_input_delay (18)
6. checking no_output_delay (60)
7. checking multiple_clock (0)
8. checking generated_clocks (0)
9. checking loops (0)
10. checking partial_input_delay (0)
11. checking partial_output_delay (0)
12. checking latch_loops (0)

1. checking no_clock (0)
------------------------
 There are 0 register/latch pins with no clock.


2. checking constant_clock (0)
------------------------------
 There are 0 register/latch pins with constant_clock.


3. checking pulse_width_clock (0)
---------------------------------
 There are 0 register/latch pins which need pulse_width check


4. checking unconstrained_internal_endpoints (0)
------------------------------------------------
 There are 0 pins that are not constrained for maximum delay.

 There are 0 pins that are not constrained for maximum delay due to constant clock.


5. checking no_input_delay (18)
-------------------------------
 There are 18 input ports with no input delay specified. (HIGH)

 There are 0 input ports with no input delay but user has a false path constraint.


6. checking no_output_delay (60)
--------------------------------
 There are 60 ports with no output delay specified. (HIGH)

 There are 0 ports with no output delay but user has a false path constraint

 There are 0 ports with no output delay but with a timing clock defined on it or propagating through it


7. checking multiple_clock (0)
------------------------------
 There are 0 register/latch pins with multiple clocks.


8. checking generated_clocks (0)
--------------------------------
 There are 0 generated clocks that are not connected to a clock source.


9. checking loops (0)
---------------------
 There are 0 combinational loops in the design.


10. checking partial_input_delay (0)
------------------------------------
 There are 0 input ports with partial input delay specified.


11. checking partial_output_delay (0)
-------------------------------------
 There are 0 ports with partial output delay specified.


12. checking latch_loops (0)
----------------------------
 There are 0 combinational latch loops in the design through latch input



------------------------------------------------------------------------------------------------
| Design Timing Summary
| ---------------------
------------------------------------------------------------------------------------------------

    WNS(ns)      TNS(ns)  TNS Failing Endpoints  TNS Total Endpoints      WHS(ns)      THS(ns)  THS Failing Endpoints  THS Total Endpoints     WPWS(ns)     TPWS(ns)  TPWS Failing Endpoints  TPWS Total Endpoints  
    -------      -------  ---------------------  -------------------      -------      -------  ---------------------  -------------------     --------     --------  ----------------------  --------------------  
    -17.244     -560.634                     56                59942        0.022        0.000                      0                59942        0.264        0.000                       0                 11660  


Timing constraints are not met.


------------------------------------------------------------------------------------------------
| Clock Summary
| -------------
------------------------------------------------------------------------------------------------

Clock                          Waveform(ns)         Period(ns)      Frequency(MHz)
-----                          ------------         ----------      --------------
clk100                         {0.000 5.000}        10.000          100.000         
  soc_builder_basesoc_mmcm_fb  {0.000 5.000}        10.000          100.000         
  soc_crg_clkout0              {0.000 6.667}        13.333          75.000          
  soc_crg_clkout1              {0.000 3.333}        6.667           150.000         
  soc_crg_clkout2              {1.667 5.000}        6.667           150.000         
  soc_crg_clkout3              {0.000 2.500}        5.000           200.000         
  soc_crg_clkout4              {0.000 10.000}       20.000          50.000          
  soc_crg_clkout5              {0.000 12.500}       25.000          40.000          


------------------------------------------------------------------------------------------------
| Intra Clock Table
| -----------------
------------------------------------------------------------------------------------------------

Clock                              WNS(ns)      TNS(ns)  TNS Failing Endpoints  TNS Total Endpoints      WHS(ns)      THS(ns)  THS Failing Endpoints  THS Total Endpoints     WPWS(ns)     TPWS(ns)  TPWS Failing Endpoints  TPWS Total Endpoints  
-----                              -------      -------  ---------------------  -------------------      -------      -------  ---------------------  -------------------     --------     --------  ----------------------  --------------------  
clk100                               8.781        0.000                      0                    7        0.148        0.000                      0                    7        3.000        0.000                       0                    10  
  soc_builder_basesoc_mmcm_fb                                                                                                                                                    8.751        0.000                       0                     2  
  soc_crg_clkout0                  -17.244     -560.634                     56                59921        0.022        0.000                      0                59921        5.417        0.000                       0                 11555  
  soc_crg_clkout1                                                                                                                                                                4.511        0.000                       0                    75  
  soc_crg_clkout2                                                                                                                                                                4.511        0.000                       0                     4  
  soc_crg_clkout3                    1.060        0.000                      0                   14        0.045        0.000                      0                   14        0.264        0.000                       0                    10  
  soc_crg_clkout4                                                                                                                                                               17.845        0.000                       0                     2  
  soc_crg_clkout5                                                                                                                                                               22.845        0.000                       0                     2  


------------------------------------------------------------------------------------------------
| Inter Clock Table
| -----------------
------------------------------------------------------------------------------------------------

From Clock    To Clock          WNS(ns)      TNS(ns)  TNS Failing Endpoints  TNS Total Endpoints      WHS(ns)      THS(ns)  THS Failing Endpoints  THS Total Endpoints  
----------    --------          -------      -------  ---------------------  -------------------      -------      -------  ---------------------  -------------------  


------------------------------------------------------------------------------------------------
| Other Path Groups Table
| -----------------------
------------------------------------------------------------------------------------------------

Path Group    From Clock    To Clock          WNS(ns)      TNS(ns)  TNS Failing Endpoints  TNS Total Endpoints      WHS(ns)      THS(ns)  THS Failing Endpoints  THS Total Endpoints  
----------    ----------    --------          -------      -------  ---------------------  -------------------      -------      -------  ---------------------  -------------------  


------------------------------------------------------------------------------------------------
| Timing Details
| --------------
------------------------------------------------------------------------------------------------


---------------------------------------------------------------------------------------------------
From Clock:  clk100
  To Clock:  clk100

Setup :            0  Failing Endpoints,  Worst Slack        8.781ns,  Total Violation        0.000ns
Hold  :            0  Failing Endpoints,  Worst Slack        0.148ns,  Total Violation        0.000ns
PW    :            0  Failing Endpoints,  Worst Slack        3.000ns,  Total Violation        0.000ns
---------------------------------------------------------------------------------------------------


Max Delay Paths
--------------------------------------------------------------------------------------
Slack (MET) :             8.781ns  (required time - arrival time)
  Source:                 FDCE/C
                            (rising edge-triggered cell FDCE clocked by clk100  {rise@0.000ns fall@5.000ns period=10.000ns})
  Destination:            FDCE_1/D
                            (rising edge-triggered cell FDCE clocked by clk100  {rise@0.000ns fall@5.000ns period=10.000ns})
  Path Group:             clk100
  Path Type:              Setup (Max at Slow Process Corner)
  Requirement:            10.000ns  (clk100 rise@10.000ns - clk100 rise@0.000ns)
  Data Path Delay:        0.852ns  (logic 0.518ns (60.798%)  route 0.334ns (39.202%))
  Logic Levels:           0  
  Clock Path Skew:        -0.145ns (DCD - SCD + CPR)
    Destination Clock Delay (DCD):    3.243ns = ( 13.243 - 10.000 ) 
    Source Clock Delay      (SCD):    3.673ns
    Clock Pessimism Removal (CPR):    0.285ns
  Clock Uncertainty:      0.035ns  ((TSJ^2 + TIJ^2)^1/2 + DJ) / 2 + PE
    Total System Jitter     (TSJ):    0.071ns
    Total Input Jitter      (TIJ):    0.000ns
    Discrete Jitter          (DJ):    0.000ns
    Phase Error              (PE):    0.000ns

    Location             Delay type                Incr(ns)  Path(ns)    Netlist Resource(s)
  -------------------------------------------------------------------    -------------------
                         (clock clk100 rise edge)     0.000     0.000 r  
    E3                                                0.000     0.000 r  clk100 (IN)
                         net (fo=0)                   0.000     0.000    clk100
    E3                   IBUF (Prop_ibuf_I_O)         1.482     1.482 r  clk100_IBUF_inst/O
                         net (fo=1, unplaced)         0.803     2.285    clk100_IBUF
                         BUFG (Prop_bufg_I_O)         0.096     2.381 r  clk100_IBUF_BUFG_inst/O
                         net (fo=1, unplaced)         0.584     2.965    clk100_IBUF_BUFG
                         LUT1 (Prop_lut1_I0_O)        0.124     3.089 r  clk100_inst/O
                         net (fo=9, unplaced)         0.584     3.673    soc_crg_clkin
                         FDCE                                         r  FDCE/C
  -------------------------------------------------------------------    -------------------
                         FDCE (Prop_fdce_C_Q)         0.518     4.191 r  FDCE/Q
                         net (fo=1, unplaced)         0.334     4.525    soc_builder_basesoc_reset0
                         FDCE                                         r  FDCE_1/D
  -------------------------------------------------------------------    -------------------

                         (clock clk100 rise edge)    10.000    10.000 r  
    E3                                                0.000    10.000 r  clk100 (IN)
                         net (fo=0)                   0.000    10.000    clk100
    E3                   IBUF (Prop_ibuf_I_O)         1.411    11.411 r  clk100_IBUF_inst/O
                         net (fo=1, unplaced)         0.763    12.174    clk100_IBUF
                         BUFG (Prop_bufg_I_O)         0.091    12.265 r  clk100_IBUF_BUFG_inst/O
                         net (fo=1, unplaced)         0.439    12.704    clk100_IBUF_BUFG
                         LUT1 (Prop_lut1_I0_O)        0.100    12.804 r  clk100_inst/O
                         net (fo=9, unplaced)         0.439    13.243    soc_crg_clkin
                         FDCE                                         r  FDCE_1/C
                         clock pessimism              0.285    13.528    
                         clock uncertainty           -0.035    13.492    
                         FDCE (Setup_fdce_C_D)       -0.187    13.305    FDCE_1
  -------------------------------------------------------------------
                         required time                         13.305    
                         arrival time                          -4.525    
  -------------------------------------------------------------------
                         slack                                  8.781    





Min Delay Paths
--------------------------------------------------------------------------------------
Slack (MET) :             0.148ns  (arrival time - required time)
  Source:                 FDCE/C
                            (rising edge-triggered cell FDCE clocked by clk100  {rise@0.000ns fall@5.000ns period=10.000ns})
  Destination:            FDCE_1/D
                            (rising edge-triggered cell FDCE clocked by clk100  {rise@0.000ns fall@5.000ns period=10.000ns})
  Path Group:             clk100
  Path Type:              Hold (Min at Fast Process Corner)
  Requirement:            0.000ns  (clk100 rise@0.000ns - clk100 rise@0.000ns)
  Data Path Delay:        0.305ns  (logic 0.164ns (53.808%)  route 0.141ns (46.192%))
  Logic Levels:           0  
  Clock Path Skew:        0.145ns (DCD - SCD - CPR)
    Destination Clock Delay (DCD):    1.397ns
    Source Clock Delay      (SCD):    0.887ns
    Clock Pessimism Removal (CPR):    0.365ns

    Location             Delay type                Incr(ns)  Path(ns)    Netlist Resource(s)
  -------------------------------------------------------------------    -------------------
                         (clock clk100 rise edge)     0.000     0.000 r  
    E3                                                0.000     0.000 r  clk100 (IN)
                         net (fo=0)                   0.000     0.000    clk100
    E3                   IBUF (Prop_ibuf_I_O)         0.250     0.250 r  clk100_IBUF_inst/O
                         net (fo=1, unplaced)         0.338     0.588    clk100_IBUF
                         BUFG (Prop_bufg_I_O)         0.026     0.614 r  clk100_IBUF_BUFG_inst/O
                         net (fo=1, unplaced)         0.114     0.728    clk100_IBUF_BUFG
                         LUT1 (Prop_lut1_I0_O)        0.045     0.773 r  clk100_inst/O
                         net (fo=9, unplaced)         0.114     0.887    soc_crg_clkin
                         FDCE                                         r  FDCE/C
  -------------------------------------------------------------------    -------------------
                         FDCE (Prop_fdce_C_Q)         0.164     1.051 r  FDCE/Q
                         net (fo=1, unplaced)         0.141     1.192    soc_builder_basesoc_reset0
                         FDCE                                         r  FDCE_1/D
  -------------------------------------------------------------------    -------------------

                         (clock clk100 rise edge)     0.000     0.000 r  
    E3                                                0.000     0.000 r  clk100 (IN)
                         net (fo=0)                   0.000     0.000    clk100
    E3                   IBUF (Prop_ibuf_I_O)         0.438     0.438 r  clk100_IBUF_inst/O
                         net (fo=1, unplaced)         0.356     0.794    clk100_IBUF
                         BUFG (Prop_bufg_I_O)         0.029     0.823 r  clk100_IBUF_BUFG_inst/O
                         net (fo=1, unplaced)         0.259     1.082    clk100_IBUF_BUFG
                         LUT1 (Prop_lut1_I0_O)        0.056     1.138 r  clk100_inst/O
                         net (fo=9, unplaced)         0.259     1.397    soc_crg_clkin
                         FDCE                                         r  FDCE_1/C
                         clock pessimism             -0.365     1.032    
                         FDCE (Hold_fdce_C_D)         0.012     1.044    FDCE_1
  -------------------------------------------------------------------
                         required time                         -1.044    
                         arrival time                           1.192    
  -------------------------------------------------------------------
                         slack                                  0.148    





Pulse Width Checks
--------------------------------------------------------------------------------------
Clock Name:         clk100
Waveform(ns):       { 0.000 5.000 }
Period(ns):         10.000
Sources:            { clk100 }

Check Type        Corner  Lib Pin            Reference Pin  Required(ns)  Actual(ns)  Slack(ns)  Location  Pin
Min Period        n/a     BUFG/I             n/a            2.155         10.000      7.845                clk100_IBUF_BUFG_inst/I
Max Period        n/a     MMCME2_ADV/CLKIN1  n/a            100.000       10.000      90.000               MMCME2_ADV/CLKIN1
Low Pulse Width   Slow    MMCME2_ADV/CLKIN1  n/a            2.000         5.000       3.000                MMCME2_ADV/CLKIN1
High Pulse Width  Slow    MMCME2_ADV/CLKIN1  n/a            2.000         5.000       3.000                MMCME2_ADV/CLKIN1



---------------------------------------------------------------------------------------------------
From Clock:  soc_builder_basesoc_mmcm_fb
  To Clock:  soc_builder_basesoc_mmcm_fb

Setup :           NA  Failing Endpoints,  Worst Slack           NA  ,  Total Violation           NA
Hold  :           NA  Failing Endpoints,  Worst Slack           NA  ,  Total Violation           NA
PW    :            0  Failing Endpoints,  Worst Slack        8.751ns,  Total Violation        0.000ns
---------------------------------------------------------------------------------------------------


Pulse Width Checks
--------------------------------------------------------------------------------------
Clock Name:         soc_builder_basesoc_mmcm_fb
Waveform(ns):       { 0.000 5.000 }
Period(ns):         10.000
Sources:            { MMCME2_ADV/CLKFBOUT }

Check Type  Corner  Lib Pin              Reference Pin  Required(ns)  Actual(ns)  Slack(ns)  Location  Pin
Min Period  n/a     MMCME2_ADV/CLKFBOUT  n/a            1.249         10.000      8.751                MMCME2_ADV/CLKFBOUT
Max Period  n/a     MMCME2_ADV/CLKFBIN   n/a            100.000       10.000      90.000               MMCME2_ADV/CLKFBIN



---------------------------------------------------------------------------------------------------
From Clock:  soc_crg_clkout0
  To Clock:  soc_crg_clkout0

Setup :           56  Failing Endpoints,  Worst Slack      -17.244ns,  Total Violation     -560.634ns
Hold  :            0  Failing Endpoints,  Worst Slack        0.022ns,  Total Violation        0.000ns
PW    :            0  Failing Endpoints,  Worst Slack        5.417ns,  Total Violation        0.000ns
---------------------------------------------------------------------------------------------------


Max Delay Paths
--------------------------------------------------------------------------------------
Slack (VIOLATED) :        -17.244ns  (required time - arrival time)
  Source:                 Cfu/relu_input_reg[1]/C
                            (rising edge-triggered cell FDRE clocked by soc_crg_clkout0  {rise@0.000ns fall@6.667ns period=13.333ns})
  Destination:            Cfu/rsp_payload_outputs_0_reg[0]/D
                            (rising edge-triggered cell FDRE clocked by soc_crg_clkout0  {rise@0.000ns fall@6.667ns period=13.333ns})
  Path Group:             soc_crg_clkout0
  Path Type:              Setup (Max at Slow Process Corner)
  Requirement:            13.333ns  (soc_crg_clkout0 rise@13.333ns - soc_crg_clkout0 rise@0.000ns)
  Data Path Delay:        30.407ns  (logic 20.519ns (67.482%)  route 9.888ns (32.518%))
  Logic Levels:           71  (CARRY4=55 DSP48E1=2 LUT2=4 LUT3=2 LUT4=1 LUT5=4 LUT6=3)
  Clock Path Skew:        -0.145ns (DCD - SCD + CPR)
    Destination Clock Delay (DCD):    4.838ns = ( 18.171 - 13.333 ) 
    Source Clock Delay      (SCD):    5.462ns
    Clock Pessimism Removal (CPR):    0.480ns
  Clock Uncertainty:      0.070ns  ((TSJ^2 + DJ^2)^1/2) / 2 + PE
    Total System Jitter     (TSJ):    0.071ns
    Discrete Jitter          (DJ):    0.121ns
    Phase Error              (PE):    0.000ns

    Location             Delay type                Incr(ns)  Path(ns)    Netlist Resource(s)
  -------------------------------------------------------------------    -------------------
                         (clock soc_crg_clkout0 rise edge)
                                                      0.000     0.000 r  
    E3                                                0.000     0.000 r  clk100 (IN)
                         net (fo=0)                   0.000     0.000    clk100
    E3                   IBUF (Prop_ibuf_I_O)         1.482     1.482 r  clk100_IBUF_inst/O
                         net (fo=1, unplaced)         0.803     2.285    clk100_IBUF
                         BUFG (Prop_bufg_I_O)         0.096     2.381 r  clk100_IBUF_BUFG_inst/O
                         net (fo=1, unplaced)         0.584     2.965    clk100_IBUF_BUFG
                         LUT1 (Prop_lut1_I0_O)        0.124     3.089 r  clk100_inst/O
                         net (fo=9, unplaced)         0.584     3.673    soc_crg_clkin
                         MMCME2_ADV (Prop_mmcme2_adv_CLKIN1_CLKOUT0)
                                                      0.088     3.761 r  MMCME2_ADV/CLKOUT0
                         net (fo=1, unplaced)         0.803     4.564    soc_crg_clkout0
                         BUFG (Prop_bufg_I_O)         0.096     4.660 r  BUFG/O
                         net (fo=11558, unplaced)     0.803     5.462    Cfu/out
                         FDRE                                         r  Cfu/relu_input_reg[1]/C
  -------------------------------------------------------------------    -------------------
                         FDRE (Prop_fdre_C_Q)         0.478     5.940 r  Cfu/relu_input_reg[1]/Q
                         net (fo=2, unplaced)         0.481     6.421    Cfu/My_relu/Q[1]
                         LUT2 (Prop_lut2_I0_O)        0.295     6.716 r  Cfu/My_relu/val_carry_i_3/O
                         net (fo=1, unplaced)         0.000     6.716    Cfu/My_relu/val_carry_i_3_n_0
                         CARRY4 (Prop_carry4_S[1]_CO[3])
                                                      0.533     7.249 r  Cfu/My_relu/val_carry/CO[3]
                         net (fo=1, unplaced)         0.000     7.249    Cfu/My_relu/val_carry_n_0
                         CARRY4 (Prop_carry4_CI_CO[3])
                                                      0.117     7.366 r  Cfu/My_relu/val_carry__0/CO[3]
                         net (fo=1, unplaced)         0.000     7.366    Cfu/My_relu/val_carry__0_n_0
                         CARRY4 (Prop_carry4_CI_CO[3])
                                                      0.117     7.483 r  Cfu/My_relu/val_carry__1/CO[3]
                         net (fo=1, unplaced)         0.000     7.483    Cfu/My_relu/val_carry__1_n_0
                         CARRY4 (Prop_carry4_CI_CO[3])
                                                      0.117     7.600 r  Cfu/My_relu/val_carry__2/CO[3]
                         net (fo=1, unplaced)         0.000     7.600    Cfu/My_relu/val_carry__2_n_0
                         CARRY4 (Prop_carry4_CI_CO[3])
                                                      0.117     7.717 r  Cfu/My_relu/val_carry__3/CO[3]
                         net (fo=1, unplaced)         0.000     7.717    Cfu/My_relu/val_carry__3_n_0
                         CARRY4 (Prop_carry4_CI_CO[3])
                                                      0.117     7.834 r  Cfu/My_relu/val_carry__4/CO[3]
                         net (fo=1, unplaced)         0.000     7.834    Cfu/My_relu/val_carry__4_n_0
                         CARRY4 (Prop_carry4_CI_CO[3])
                                                      0.117     7.951 r  Cfu/My_relu/val_carry__5/CO[3]
                         net (fo=1, unplaced)         0.000     7.951    Cfu/My_relu/val_carry__5_n_0
                         CARRY4 (Prop_carry4_CI_O[3])
                                                      0.331     8.282 r  Cfu/My_relu/val_carry__6/O[3]
                         net (fo=112, unplaced)       0.550     8.832    Cfu/My_relu/p_0_in
                         LUT3 (Prop_lut3_I1_O)        0.307     9.139 r  Cfu/My_relu/clamped_output8_carry_i_8/O
                         net (fo=73, unplaced)        0.824     9.963    Cfu/My_relu/clamped_output8_carry_i_8_n_0
                         LUT6 (Prop_lut6_I1_O)        0.124    10.087 f  Cfu/My_relu/high_mul_result5__1_i_41/O
                         net (fo=4, unplaced)         0.756    10.843    Cfu/My_relu/high_mul_result5__1_i_41_n_0
                         LUT5 (Prop_lut5_I0_O)        0.124    10.967 f  Cfu/My_relu/high_mul_result5__1_i_21/O
                         net (fo=2, unplaced)         0.460    11.427    Cfu/My_relu/high_mul_result5__1_i_21_n_0
                         LUT5 (Prop_lut5_I4_O)        0.124    11.551 r  Cfu/My_relu/high_mul_result5__1_i_5/O
                         net (fo=3, unplaced)         0.803    12.354    Cfu/My_relu/val_shift[12]
                         DSP48E1 (Prop_dsp48e1_A[12]_PCOUT[47])
                                                      4.036    16.390 r  Cfu/My_relu/high_mul_result5__1/PCOUT[47]
                         net (fo=1, unplaced)         0.000    16.390    Cfu/My_relu/high_mul_result5__1_n_106
                         DSP48E1 (Prop_dsp48e1_PCIN[47]_P[0])
                                                      1.518    17.908 r  Cfu/My_relu/high_mul_result5__2/P[0]
                         net (fo=2, unplaced)         0.803    18.711    Cfu/My_relu/p_1_in[17]
                         LUT2 (Prop_lut2_I0_O)        0.124    18.835 r  Cfu/My_relu/high_mul_result5_carry_i_3/O
                         net (fo=1, unplaced)         0.000    18.835    Cfu/My_relu/high_mul_result5_carry_i_3_n_0
                         CARRY4 (Prop_carry4_S[1]_CO[3])
                                                      0.533    19.368 r  Cfu/My_relu/high_mul_result5_carry/CO[3]
                         net (fo=1, unplaced)         0.000    19.368    Cfu/My_relu/high_mul_result5_carry_n_0
                         CARRY4 (Prop_carry4_CI_CO[3])
                                                      0.117    19.485 r  Cfu/My_relu/high_mul_result5_carry__0/CO[3]
                         net (fo=1, unplaced)         0.000    19.485    Cfu/My_relu/high_mul_result5_carry__0_n_0
                         CARRY4 (Prop_carry4_CI_CO[3])
                                                      0.117    19.602 r  Cfu/My_relu/high_mul_result5_carry__1/CO[3]
                         net (fo=1, unplaced)         0.000    19.602    Cfu/My_relu/high_mul_result5_carry__1_n_0
                         CARRY4 (Prop_carry4_CI_CO[3])
                                                      0.117    19.719 r  Cfu/My_relu/high_mul_result5_carry__2/CO[3]
                         net (fo=1, unplaced)         0.000    19.719    Cfu/My_relu/high_mul_result5_carry__2_n_0
                         CARRY4 (Prop_carry4_CI_CO[3])
                                                      0.117    19.836 r  Cfu/My_relu/high_mul_result5_carry__3/CO[3]
                         net (fo=1, unplaced)         0.000    19.836    Cfu/My_relu/high_mul_result5_carry__3_n_0
                         CARRY4 (Prop_carry4_CI_CO[3])
                                                      0.117    19.953 r  Cfu/My_relu/high_mul_result5_carry__4/CO[3]
                         net (fo=1, unplaced)         0.000    19.953    Cfu/My_relu/high_mul_result5_carry__4_n_0
                         CARRY4 (Prop_carry4_CI_CO[3])
                                                      0.117    20.070 r  Cfu/My_relu/high_mul_result5_carry__5/CO[3]
                         net (fo=1, unplaced)         0.000    20.070    Cfu/My_relu/high_mul_result5_carry__5_n_0
                         CARRY4 (Prop_carry4_CI_CO[3])
                                                      0.117    20.187 r  Cfu/My_relu/high_mul_result5_carry__6/CO[3]
                         net (fo=1, unplaced)         0.000    20.187    Cfu/My_relu/high_mul_result5_carry__6_n_0
                         CARRY4 (Prop_carry4_CI_CO[3])
                                                      0.117    20.304 r  Cfu/My_relu/high_mul_result5_carry__7/CO[3]
                         net (fo=1, unplaced)         0.000    20.304    Cfu/My_relu/high_mul_result5_carry__7_n_0
                         CARRY4 (Prop_carry4_CI_CO[3])
                                                      0.117    20.421 r  Cfu/My_relu/high_mul_result5_carry__8/CO[3]
                         net (fo=1, unplaced)         0.000    20.421    Cfu/My_relu/high_mul_result5_carry__8_n_0
                         CARRY4 (Prop_carry4_CI_CO[3])
                                                      0.117    20.538 r  Cfu/My_relu/high_mul_result5_carry__9/CO[3]
                         net (fo=1, unplaced)         0.000    20.538    Cfu/My_relu/high_mul_result5_carry__9_n_0
                         CARRY4 (Prop_carry4_CI_O[3])
                                                      0.331    20.869 r  Cfu/My_relu/high_mul_result5_carry__10/O[3]
                         net (fo=6, unplaced)         0.480    21.349    Cfu/My_relu/high_mul_result5__3[63]
                         LUT2 (Prop_lut2_I1_O)        0.307    21.656 r  Cfu/My_relu/high_mul_result4_carry_i_1/O
                         net (fo=1, unplaced)         0.000    21.656    Cfu/My_relu/high_mul_result4_carry_i_1_n_0
                         CARRY4 (Prop_carry4_S[0]_CO[3])
                                                      0.513    22.169 r  Cfu/My_relu/high_mul_result4_carry/CO[3]
                         net (fo=1, unplaced)         0.000    22.169    Cfu/My_relu/high_mul_result4_carry_n_0
                         CARRY4 (Prop_carry4_CI_CO[3])
                                                      0.117    22.286 r  Cfu/My_relu/high_mul_result4_carry__0/CO[3]
                         net (fo=1, unplaced)         0.000    22.286    Cfu/My_relu/high_mul_result4_carry__0_n_0
                         CARRY4 (Prop_carry4_CI_CO[3])
                                                      0.117    22.403 r  Cfu/My_relu/high_mul_result4_carry__1/CO[3]
                         net (fo=1, unplaced)         0.000    22.403    Cfu/My_relu/high_mul_result4_carry__1_n_0
                         CARRY4 (Prop_carry4_CI_CO[3])
                                                      0.117    22.520 r  Cfu/My_relu/high_mul_result4_carry__2/CO[3]
                         net (fo=1, unplaced)         0.000    22.520    Cfu/My_relu/high_mul_result4_carry__2_n_0
                         CARRY4 (Prop_carry4_CI_CO[3])
                                                      0.117    22.637 r  Cfu/My_relu/high_mul_result4_carry__3/CO[3]
                         net (fo=1, unplaced)         0.000    22.637    Cfu/My_relu/high_mul_result4_carry__3_n_0
                         CARRY4 (Prop_carry4_CI_CO[3])
                                                      0.117    22.754 r  Cfu/My_relu/high_mul_result4_carry__4/CO[3]
                         net (fo=1, unplaced)         0.000    22.754    Cfu/My_relu/high_mul_result4_carry__4_n_0
                         CARRY4 (Prop_carry4_CI_CO[3])
                                                      0.117    22.871 r  Cfu/My_relu/high_mul_result4_carry__5/CO[3]
                         net (fo=1, unplaced)         0.000    22.871    Cfu/My_relu/high_mul_result4_carry__5_n_0
                         CARRY4 (Prop_carry4_CI_CO[3])
                                                      0.117    22.988 r  Cfu/My_relu/high_mul_result4_carry__6/CO[3]
                         net (fo=1, unplaced)         0.000    22.988    Cfu/My_relu/high_mul_result4_carry__6_n_0
                         CARRY4 (Prop_carry4_CI_CO[3])
                                                      0.117    23.105 r  Cfu/My_relu/high_mul_result4_carry__7/CO[3]
                         net (fo=1, unplaced)         0.000    23.105    Cfu/My_relu/high_mul_result4_carry__7_n_0
                         CARRY4 (Prop_carry4_CI_CO[3])
                                                      0.117    23.222 r  Cfu/My_relu/high_mul_result4_carry__8/CO[3]
                         net (fo=1, unplaced)         0.000    23.222    Cfu/My_relu/high_mul_result4_carry__8_n_0
                         CARRY4 (Prop_carry4_CI_CO[3])
                                                      0.117    23.339 r  Cfu/My_relu/high_mul_result4_carry__9/CO[3]
                         net (fo=1, unplaced)         0.000    23.339    Cfu/My_relu/high_mul_result4_carry__9_n_0
                         CARRY4 (Prop_carry4_CI_CO[3])
                                                      0.117    23.456 r  Cfu/My_relu/high_mul_result4_carry__10/CO[3]
                         net (fo=1, unplaced)         0.000    23.456    Cfu/My_relu/high_mul_result4_carry__10_n_0
                         CARRY4 (Prop_carry4_CI_CO[3])
                                                      0.117    23.573 r  Cfu/My_relu/high_mul_result4_carry__11/CO[3]
                         net (fo=1, unplaced)         0.000    23.573    Cfu/My_relu/high_mul_result4_carry__11_n_0
                         CARRY4 (Prop_carry4_CI_CO[3])
                                                      0.117    23.690 r  Cfu/My_relu/high_mul_result4_carry__12/CO[3]
                         net (fo=1, unplaced)         0.000    23.690    Cfu/My_relu/high_mul_result4_carry__12_n_0
                         CARRY4 (Prop_carry4_CI_O[1])
                                                      0.337    24.027 r  Cfu/My_relu/high_mul_result4_carry__13/O[1]
                         net (fo=3, unplaced)         0.733    24.760    Cfu/My_relu/high_mul_result4_carry__13_n_6
                         CARRY4 (Prop_carry4_S[1]_CO[3])
                                                      0.839    25.599 r  Cfu/My_relu/p_1_out__62_carry__5_i_9/CO[3]
                         net (fo=1, unplaced)         0.000    25.599    Cfu/My_relu/p_1_out__62_carry__5_i_9_n_0
                         CARRY4 (Prop_carry4_CI_O[2])
                                                      0.256    25.855 f  Cfu/My_relu/p_1_out__62_carry__6_i_8/O[2]
                         net (fo=2, unplaced)         0.463    26.318    Cfu/My_relu/p_1_out__62_carry__6_i_8_n_5
                         LUT6 (Prop_lut6_I4_O)        0.301    26.619 f  Cfu/My_relu/p_1_out_carry_i_3/O
                         net (fo=1, unplaced)         0.449    27.068    Cfu/My_relu/p_1_out_carry_i_3_n_0
                         LUT6 (Prop_lut6_I0_O)        0.124    27.192 r  Cfu/My_relu/p_1_out_carry_i_2/O
                         net (fo=34, unplaced)        0.522    27.714    Cfu/My_relu/p_1_out_carry_i_2_n_0
                         LUT2 (Prop_lut2_I1_O)        0.124    27.838 r  Cfu/My_relu/p_1_out_carry_i_1/O
                         net (fo=1, unplaced)         0.000    27.838    Cfu/My_relu/p_1_out_carry_i_1_n_0
                         CARRY4 (Prop_carry4_S[0]_CO[3])
                                                      0.513    28.351 r  Cfu/My_relu/p_1_out_carry/CO[3]
                         net (fo=1, unplaced)         0.000    28.351    Cfu/My_relu/p_1_out_carry_n_0
                         CARRY4 (Prop_carry4_CI_CO[3])
                                                      0.117    28.468 r  Cfu/My_relu/p_1_out_carry__0/CO[3]
                         net (fo=1, unplaced)         0.000    28.468    Cfu/My_relu/p_1_out_carry__0_n_0
                         CARRY4 (Prop_carry4_CI_CO[3])
                                                      0.117    28.585 r  Cfu/My_relu/p_1_out_carry__1/CO[3]
                         net (fo=1, unplaced)         0.000    28.585    Cfu/My_relu/p_1_out_carry__1_n_0
                         CARRY4 (Prop_carry4_CI_CO[3])
                                                      0.117    28.702 r  Cfu/My_relu/p_1_out_carry__2/CO[3]
                         net (fo=1, unplaced)         0.000    28.702    Cfu/My_relu/p_1_out_carry__2_n_0
                         CARRY4 (Prop_carry4_CI_CO[3])
                                                      0.117    28.819 r  Cfu/My_relu/p_1_out_carry__3/CO[3]
                         net (fo=1, unplaced)         0.000    28.819    Cfu/My_relu/p_1_out_carry__3_n_0
                         CARRY4 (Prop_carry4_CI_CO[3])
                                                      0.117    28.936 r  Cfu/My_relu/p_1_out_carry__4/CO[3]
                         net (fo=1, unplaced)         0.000    28.936    Cfu/My_relu/p_1_out_carry__4_n_0
                         CARRY4 (Prop_carry4_CI_CO[3])
                                                      0.117    29.053 r  Cfu/My_relu/p_1_out_carry__5/CO[3]
                         net (fo=1, unplaced)         0.000    29.053    Cfu/My_relu/p_1_out_carry__5_n_0
                         CARRY4 (Prop_carry4_CI_O[1])
                                                      0.337    29.390 r  Cfu/My_relu/p_1_out_carry__6/O[1]
                         net (fo=2, unplaced)         0.323    29.713    Cfu/My_relu/threshold[29]
                         LUT3 (Prop_lut3_I0_O)        0.306    30.019 r  Cfu/My_relu/p_1_out__62_carry__6_i_3/O
                         net (fo=1, unplaced)         0.000    30.019    Cfu/My_relu/p_1_out__62_carry__6_i_3_n_0
                         CARRY4 (Prop_carry4_S[1]_CO[3])
                                                      0.533    30.552 r  Cfu/My_relu/p_1_out__62_carry__6/CO[3]
                         net (fo=1, unplaced)         0.000    30.552    Cfu/My_relu/p_1_out__62_carry__6_n_0
                         CARRY4 (Prop_carry4_CI_O[0])
                                                      0.232    30.784 r  Cfu/My_relu/p_1_out__62_carry__7/O[0]
                         net (fo=1, unplaced)         0.334    31.118    Cfu/My_relu/p_1_out[32]
                         CARRY4 (Prop_carry4_CYINIT_CO[3])
                                                      0.766    31.884 r  Cfu/My_relu/clamped_output2_carry/CO[3]
                         net (fo=1, unplaced)         0.000    31.884    Cfu/My_relu/clamped_output2_carry_n_0
                         CARRY4 (Prop_carry4_CI_CO[3])
                                                      0.117    32.001 r  Cfu/My_relu/clamped_output2_carry__0/CO[3]
                         net (fo=1, unplaced)         0.000    32.001    Cfu/My_relu/clamped_output2_carry__0_n_0
                         CARRY4 (Prop_carry4_CI_CO[3])
                                                      0.117    32.118 r  Cfu/My_relu/clamped_output2_carry__1/CO[3]
                         net (fo=1, unplaced)         0.000    32.118    Cfu/My_relu/clamped_output2_carry__1_n_0
                         CARRY4 (Prop_carry4_CI_CO[3])
                                                      0.117    32.235 r  Cfu/My_relu/clamped_output2_carry__2/CO[3]
                         net (fo=1, unplaced)         0.000    32.235    Cfu/My_relu/clamped_output2_carry__2_n_0
                         CARRY4 (Prop_carry4_CI_CO[3])
                                                      0.117    32.352 r  Cfu/My_relu/clamped_output2_carry__3/CO[3]
                         net (fo=1, unplaced)         0.000    32.352    Cfu/My_relu/clamped_output2_carry__3_n_0
                         CARRY4 (Prop_carry4_CI_CO[3])
                                                      0.117    32.469 r  Cfu/My_relu/clamped_output2_carry__4/CO[3]
                         net (fo=1, unplaced)         0.000    32.469    Cfu/My_relu/clamped_output2_carry__4_n_0
                         CARRY4 (Prop_carry4_CI_O[1])
                                                      0.337    32.806 f  Cfu/My_relu/clamped_output2_carry__5/O[1]
                         net (fo=5, unplaced)         0.639    33.445    Cfu/My_relu/unclamped[25]
                         LUT4 (Prop_lut4_I1_O)        0.332    33.777 r  Cfu/My_relu/clamped_output1_carry__2_i_4/O
                         net (fo=1, unplaced)         0.000    33.777    Cfu/My_relu/clamped_output1_carry__2_i_4_n_0
                         CARRY4 (Prop_carry4_DI[0]_CO[3])
                                                      0.576    34.353 r  Cfu/My_relu/clamped_output1_carry__2/CO[3]
                         net (fo=32, unplaced)        0.819    35.172    Cfu/My_relu/clamped_output1
                         LUT5 (Prop_lut5_I3_O)        0.124    35.296 r  Cfu/My_relu/rsp_payload_outputs_0[0]_i_3/O
                         net (fo=1, unplaced)         0.449    35.745    Cfu/gbuff_C/rsp_payload_outputs_0_reg[0]
                         LUT5 (Prop_lut5_I4_O)        0.124    35.869 r  Cfu/gbuff_C/rsp_payload_outputs_0[0]_i_1/O
                         net (fo=1, unplaced)         0.000    35.869    Cfu/gbuff_C_n_285
                         FDRE                                         r  Cfu/rsp_payload_outputs_0_reg[0]/D
  -------------------------------------------------------------------    -------------------

                         (clock soc_crg_clkout0 rise edge)
                                                     13.333    13.333 r  
    E3                                                0.000    13.333 r  clk100 (IN)
                         net (fo=0)                   0.000    13.333    clk100
    E3                   IBUF (Prop_ibuf_I_O)         1.411    14.745 r  clk100_IBUF_inst/O
                         net (fo=1, unplaced)         0.763    15.507    clk100_IBUF
                         BUFG (Prop_bufg_I_O)         0.091    15.598 r  clk100_IBUF_BUFG_inst/O
                         net (fo=1, unplaced)         0.439    16.037    clk100_IBUF_BUFG
                         LUT1 (Prop_lut1_I0_O)        0.100    16.137 r  clk100_inst/O
                         net (fo=9, unplaced)         0.439    16.576    soc_crg_clkin
                         MMCME2_ADV (Prop_mmcme2_adv_CLKIN1_CLKOUT0)
                                                      0.083    16.659 r  MMCME2_ADV/CLKOUT0
                         net (fo=1, unplaced)         0.763    17.422    soc_crg_clkout0
                         BUFG (Prop_bufg_I_O)         0.091    17.513 r  BUFG/O
                         net (fo=11558, unplaced)     0.658    18.171    Cfu/out
                         FDRE                                         r  Cfu/rsp_payload_outputs_0_reg[0]/C
                         clock pessimism              0.480    18.651    
                         clock uncertainty           -0.070    18.581    
                         FDRE (Setup_fdre_C_D)        0.044    18.625    Cfu/rsp_payload_outputs_0_reg[0]
  -------------------------------------------------------------------
                         required time                         18.625    
                         arrival time                         -35.869    
  -------------------------------------------------------------------
                         slack                                -17.244    





Min Delay Paths
--------------------------------------------------------------------------------------
Slack (MET) :             0.022ns  (arrival time - required time)
  Source:                 soc_a7ddrphy_rst_storage_reg/C
                            (rising edge-triggered cell FDRE clocked by soc_crg_clkout0  {rise@0.000ns fall@6.667ns period=13.333ns})
  Destination:            OSERDESE2/RST
                            (rising edge-triggered cell OSERDESE2 clocked by soc_crg_clkout0  {rise@0.000ns fall@6.667ns period=13.333ns})
  Path Group:             soc_crg_clkout0
  Path Type:              Hold (Min at Fast Process Corner)
  Requirement:            0.000ns  (soc_crg_clkout0 rise@0.000ns - soc_crg_clkout0 rise@0.000ns)
  Data Path Delay:        0.726ns  (logic 0.245ns (33.732%)  route 0.481ns (66.268%))
  Logic Levels:           1  (LUT2=1)
  Clock Path Skew:        0.145ns (DCD - SCD - CPR)
    Destination Clock Delay (DCD):    2.191ns
    Source Clock Delay      (SCD):    1.513ns
    Clock Pessimism Removal (CPR):    0.533ns

    Location             Delay type                Incr(ns)  Path(ns)    Netlist Resource(s)
  -------------------------------------------------------------------    -------------------
                         (clock soc_crg_clkout0 rise edge)
                                                      0.000     0.000 r  
    E3                                                0.000     0.000 r  clk100 (IN)
                         net (fo=0)                   0.000     0.000    clk100
    E3                   IBUF (Prop_ibuf_I_O)         0.250     0.250 r  clk100_IBUF_inst/O
                         net (fo=1, unplaced)         0.338     0.588    clk100_IBUF
                         BUFG (Prop_bufg_I_O)         0.026     0.614 r  clk100_IBUF_BUFG_inst/O
                         net (fo=1, unplaced)         0.114     0.728    clk100_IBUF_BUFG
                         LUT1 (Prop_lut1_I0_O)        0.045     0.773 r  clk100_inst/O
                         net (fo=9, unplaced)         0.114     0.887    soc_crg_clkin
                         MMCME2_ADV (Prop_mmcme2_adv_CLKIN1_CLKOUT0)
                                                      0.050     0.937 r  MMCME2_ADV/CLKOUT0
                         net (fo=1, unplaced)         0.338     1.275    soc_crg_clkout0
                         BUFG (Prop_bufg_I_O)         0.026     1.301 r  BUFG/O
                         net (fo=11558, unplaced)     0.211     1.513    sys_clk
                         FDRE                                         r  soc_a7ddrphy_rst_storage_reg/C
  -------------------------------------------------------------------    -------------------
                         FDRE (Prop_fdre_C_Q)         0.147     1.660 r  soc_a7ddrphy_rst_storage_reg/Q
                         net (fo=5, unplaced)         0.143     1.803    soc_a7ddrphy_rst_storage
                         LUT2 (Prop_lut2_I1_O)        0.098     1.901 r  OSERDESE2_i_1/O
                         net (fo=63, unplaced)        0.338     2.239    RST0
    OLOGIC_X1Y88         OSERDESE2                                    r  OSERDESE2/RST
  -------------------------------------------------------------------    -------------------

                         (clock soc_crg_clkout0 rise edge)
                                                      0.000     0.000 r  
    E3                                                0.000     0.000 r  clk100 (IN)
                         net (fo=0)                   0.000     0.000    clk100
    E3                   IBUF (Prop_ibuf_I_O)         0.438     0.438 r  clk100_IBUF_inst/O
                         net (fo=1, unplaced)         0.356     0.794    clk100_IBUF
                         BUFG (Prop_bufg_I_O)         0.029     0.823 r  clk100_IBUF_BUFG_inst/O
                         net (fo=1, unplaced)         0.259     1.082    clk100_IBUF_BUFG
                         LUT1 (Prop_lut1_I0_O)        0.056     1.138 r  clk100_inst/O
                         net (fo=9, unplaced)         0.259     1.397    soc_crg_clkin
                         MMCME2_ADV (Prop_mmcme2_adv_CLKIN1_CLKOUT0)
                                                      0.053     1.450 r  MMCME2_ADV/CLKOUT0
                         net (fo=1, unplaced)         0.356     1.806    soc_crg_clkout0
                         BUFG (Prop_bufg_I_O)         0.029     1.835 r  BUFG/O
                         net (fo=11558, unplaced)     0.356     2.191    sys_clk
    OLOGIC_X1Y88         OSERDESE2                                    r  OSERDESE2/CLKDIV
                         clock pessimism             -0.533     1.658    
    OLOGIC_X1Y88         OSERDESE2 (Hold_oserdese2_CLKDIV_RST)
                                                      0.559     2.217    OSERDESE2
  -------------------------------------------------------------------
                         required time                         -2.217    
                         arrival time                           2.239    
  -------------------------------------------------------------------
                         slack                                  0.022    





Pulse Width Checks
--------------------------------------------------------------------------------------
Clock Name:         soc_crg_clkout0
Waveform(ns):       { 0.000 6.667 }
Period(ns):         13.333
Sources:            { MMCME2_ADV/CLKOUT0 }

Check Type        Corner  Lib Pin             Reference Pin  Required(ns)  Actual(ns)  Slack(ns)  Location  Pin
Min Period        n/a     RAMB18E1/CLKARDCLK  n/a            2.944         13.333      10.389               VexRiscv/RegFilePlugin_regFile_reg_1/CLKARDCLK
Max Period        n/a     MMCME2_ADV/CLKOUT0  n/a            213.360       13.333      200.027              MMCME2_ADV/CLKOUT0
Low Pulse Width   Slow    RAMS64E/CLK         n/a            1.250         6.667       5.417                Cfu/gbuff_C/gbuff_reg_0_255_0_0/RAMS64E_A/CLK
High Pulse Width  Slow    RAMS64E/CLK         n/a            1.250         6.667       5.417                Cfu/gbuff_C/gbuff_reg_0_255_0_0/RAMS64E_A/CLK



---------------------------------------------------------------------------------------------------
From Clock:  soc_crg_clkout1
  To Clock:  soc_crg_clkout1

Setup :           NA  Failing Endpoints,  Worst Slack           NA  ,  Total Violation           NA
Hold  :           NA  Failing Endpoints,  Worst Slack           NA  ,  Total Violation           NA
PW    :            0  Failing Endpoints,  Worst Slack        4.511ns,  Total Violation        0.000ns
---------------------------------------------------------------------------------------------------


Pulse Width Checks
--------------------------------------------------------------------------------------
Clock Name:         soc_crg_clkout1
Waveform(ns):       { 0.000 3.333 }
Period(ns):         6.667
Sources:            { MMCME2_ADV/CLKOUT1 }

Check Type  Corner  Lib Pin             Reference Pin  Required(ns)  Actual(ns)  Slack(ns)  Location  Pin
Min Period  n/a     BUFG/I              n/a            2.155         6.667       4.511                BUFG_1/I
Max Period  n/a     MMCME2_ADV/CLKOUT1  n/a            213.360       6.667       206.693              MMCME2_ADV/CLKOUT1



---------------------------------------------------------------------------------------------------
From Clock:  soc_crg_clkout2
  To Clock:  soc_crg_clkout2

Setup :           NA  Failing Endpoints,  Worst Slack           NA  ,  Total Violation           NA
Hold  :           NA  Failing Endpoints,  Worst Slack           NA  ,  Total Violation           NA
PW    :            0  Failing Endpoints,  Worst Slack        4.511ns,  Total Violation        0.000ns
---------------------------------------------------------------------------------------------------


Pulse Width Checks
--------------------------------------------------------------------------------------
Clock Name:         soc_crg_clkout2
Waveform(ns):       { 1.667 5.000 }
Period(ns):         6.667
Sources:            { MMCME2_ADV/CLKOUT2 }

Check Type  Corner  Lib Pin             Reference Pin  Required(ns)  Actual(ns)  Slack(ns)  Location  Pin
Min Period  n/a     BUFG/I              n/a            2.155         6.667       4.511                BUFG_2/I
Max Period  n/a     MMCME2_ADV/CLKOUT2  n/a            213.360       6.667       206.693              MMCME2_ADV/CLKOUT2



---------------------------------------------------------------------------------------------------
From Clock:  soc_crg_clkout3
  To Clock:  soc_crg_clkout3

Setup :            0  Failing Endpoints,  Worst Slack        1.060ns,  Total Violation        0.000ns
Hold  :            0  Failing Endpoints,  Worst Slack        0.045ns,  Total Violation        0.000ns
PW    :            0  Failing Endpoints,  Worst Slack        0.264ns,  Total Violation        0.000ns
---------------------------------------------------------------------------------------------------


Max Delay Paths
--------------------------------------------------------------------------------------
Slack (MET) :             1.060ns  (required time - arrival time)
  Source:                 FDPE_6/C
                            (rising edge-triggered cell FDPE clocked by soc_crg_clkout3  {rise@0.000ns fall@2.500ns period=5.000ns})
  Destination:            FDPE_7/D
                            (rising edge-triggered cell FDPE clocked by soc_crg_clkout3  {rise@0.000ns fall@2.500ns period=5.000ns})
  Path Group:             soc_crg_clkout3
  Path Type:              Setup (Max at Slow Process Corner)
  Requirement:            2.000ns  (MaxDelay Path 2.000ns)
  Data Path Delay:        0.670ns  (logic 0.478ns (71.343%)  route 0.192ns (28.657%))
  Logic Levels:           0  
  Clock Path Skew:        -0.145ns (DCD - SCD + CPR)
    Destination Clock Delay (DCD):    4.619ns
    Source Clock Delay      (SCD):    5.244ns
    Clock Pessimism Removal (CPR):    0.480ns
  Clock Uncertainty:      0.061ns  ((TSJ^2 + DJ^2)^1/2) / 2 + PE
    Total System Jitter     (TSJ):    0.071ns
    Discrete Jitter          (DJ):    0.100ns
    Phase Error              (PE):    0.000ns
  Timing Exception:       MaxDelay Path 2.000ns

    Location             Delay type                Incr(ns)  Path(ns)    Netlist Resource(s)
  -------------------------------------------------------------------    -------------------
                         (clock soc_crg_clkout3 rise edge)
                                                      0.000     0.000 r  
    E3                                                0.000     0.000 r  clk100 (IN)
                         net (fo=0)                   0.000     0.000    clk100
    E3                   IBUF (Prop_ibuf_I_O)         1.482     1.482 r  clk100_IBUF_inst/O
                         net (fo=1, unplaced)         0.803     2.285    clk100_IBUF
                         BUFG (Prop_bufg_I_O)         0.096     2.381 r  clk100_IBUF_BUFG_inst/O
                         net (fo=1, unplaced)         0.584     2.965    clk100_IBUF_BUFG
                         LUT1 (Prop_lut1_I0_O)        0.124     3.089 r  clk100_inst/O
                         net (fo=9, unplaced)         0.584     3.673    soc_crg_clkin
                         MMCME2_ADV (Prop_mmcme2_adv_CLKIN1_CLKOUT3)
                                                      0.088     3.761 r  MMCME2_ADV/CLKOUT3
                         net (fo=1, unplaced)         0.803     4.564    soc_crg_clkout3
                         BUFG (Prop_bufg_I_O)         0.096     4.660 r  BUFG_3/O
                         net (fo=8, unplaced)         0.584     5.244    idelay_clk
                         FDPE                                         r  FDPE_6/C
  -------------------------------------------------------------------    -------------------
                         FDPE (Prop_fdpe_C_Q)         0.478     5.722 r  FDPE_6/Q
                         net (fo=1, unplaced)         0.192     5.914    soc_builder_xilinxasyncresetsynchronizerimpl3_rst_meta
                         FDPE                                         r  FDPE_7/D
  -------------------------------------------------------------------    -------------------

                         max delay                    2.000     2.000    
    E3                                                0.000     2.000 r  clk100 (IN)
                         net (fo=0)                   0.000     2.000    clk100
    E3                   IBUF (Prop_ibuf_I_O)         1.411     3.411 r  clk100_IBUF_inst/O
                         net (fo=1, unplaced)         0.763     4.174    clk100_IBUF
                         BUFG (Prop_bufg_I_O)         0.091     4.265 r  clk100_IBUF_BUFG_inst/O
                         net (fo=1, unplaced)         0.439     4.704    clk100_IBUF_BUFG
                         LUT1 (Prop_lut1_I0_O)        0.100     4.804 r  clk100_inst/O
                         net (fo=9, unplaced)         0.439     5.243    soc_crg_clkin
                         MMCME2_ADV (Prop_mmcme2_adv_CLKIN1_CLKOUT3)
                                                      0.083     5.326 r  MMCME2_ADV/CLKOUT3
                         net (fo=1, unplaced)         0.763     6.089    soc_crg_clkout3
                         BUFG (Prop_bufg_I_O)         0.091     6.180 r  BUFG_3/O
                         net (fo=8, unplaced)         0.439     6.619    idelay_clk
                         FDPE                                         r  FDPE_7/C
                         clock pessimism              0.480     7.099    
                         clock uncertainty           -0.061     7.037    
                         FDPE (Setup_fdpe_C_D)       -0.064     6.973    FDPE_7
  -------------------------------------------------------------------
                         required time                          6.973    
                         arrival time                          -5.914    
  -------------------------------------------------------------------
                         slack                                  1.060    





Min Delay Paths
--------------------------------------------------------------------------------------
Slack (MET) :             0.045ns  (arrival time - required time)
  Source:                 FDPE_6/C
                            (rising edge-triggered cell FDPE clocked by soc_crg_clkout3  {rise@0.000ns fall@2.500ns period=5.000ns})
  Destination:            FDPE_7/D
                            (rising edge-triggered cell FDPE clocked by soc_crg_clkout3  {rise@0.000ns fall@2.500ns period=5.000ns})
  Path Group:             soc_crg_clkout3
  Path Type:              Hold (Min at Fast Process Corner)
  Requirement:            0.000ns  (soc_crg_clkout3 rise@0.000ns - soc_crg_clkout3 rise@0.000ns)
  Data Path Delay:        0.228ns  (logic 0.147ns (64.493%)  route 0.081ns (35.507%))
  Logic Levels:           0  
  Clock Path Skew:        0.145ns (DCD - SCD - CPR)
    Destination Clock Delay (DCD):    2.094ns
    Source Clock Delay      (SCD):    1.415ns
    Clock Pessimism Removal (CPR):    0.533ns

    Location             Delay type                Incr(ns)  Path(ns)    Netlist Resource(s)
  -------------------------------------------------------------------    -------------------
                         (clock soc_crg_clkout3 rise edge)
                                                      0.000     0.000 r  
    E3                                                0.000     0.000 r  clk100 (IN)
                         net (fo=0)                   0.000     0.000    clk100
    E3                   IBUF (Prop_ibuf_I_O)         0.250     0.250 r  clk100_IBUF_inst/O
                         net (fo=1, unplaced)         0.338     0.588    clk100_IBUF
                         BUFG (Prop_bufg_I_O)         0.026     0.614 r  clk100_IBUF_BUFG_inst/O
                         net (fo=1, unplaced)         0.114     0.728    clk100_IBUF_BUFG
                         LUT1 (Prop_lut1_I0_O)        0.045     0.773 r  clk100_inst/O
                         net (fo=9, unplaced)         0.114     0.887    soc_crg_clkin
                         MMCME2_ADV (Prop_mmcme2_adv_CLKIN1_CLKOUT3)
                                                      0.050     0.937 r  MMCME2_ADV/CLKOUT3
                         net (fo=1, unplaced)         0.338     1.275    soc_crg_clkout3
                         BUFG (Prop_bufg_I_O)         0.026     1.301 r  BUFG_3/O
                         net (fo=8, unplaced)         0.114     1.415    idelay_clk
                         FDPE                                         r  FDPE_6/C
  -------------------------------------------------------------------    -------------------
                         FDPE (Prop_fdpe_C_Q)         0.147     1.562 r  FDPE_6/Q
                         net (fo=1, unplaced)         0.081     1.643    soc_builder_xilinxasyncresetsynchronizerimpl3_rst_meta
                         FDPE                                         r  FDPE_7/D
  -------------------------------------------------------------------    -------------------

                         (clock soc_crg_clkout3 rise edge)
                                                      0.000     0.000 r  
    E3                                                0.000     0.000 r  clk100 (IN)
                         net (fo=0)                   0.000     0.000    clk100
    E3                   IBUF (Prop_ibuf_I_O)         0.438     0.438 r  clk100_IBUF_inst/O
                         net (fo=1, unplaced)         0.356     0.794    clk100_IBUF
                         BUFG (Prop_bufg_I_O)         0.029     0.823 r  clk100_IBUF_BUFG_inst/O
                         net (fo=1, unplaced)         0.259     1.082    clk100_IBUF_BUFG
                         LUT1 (Prop_lut1_I0_O)        0.056     1.138 r  clk100_inst/O
                         net (fo=9, unplaced)         0.259     1.397    soc_crg_clkin
                         MMCME2_ADV (Prop_mmcme2_adv_CLKIN1_CLKOUT3)
                                                      0.053     1.450 r  MMCME2_ADV/CLKOUT3
                         net (fo=1, unplaced)         0.356     1.806    soc_crg_clkout3
                         BUFG (Prop_bufg_I_O)         0.029     1.835 r  BUFG_3/O
                         net (fo=8, unplaced)         0.259     2.094    idelay_clk
                         FDPE                                         r  FDPE_7/C
                         clock pessimism             -0.533     1.560    
                         FDPE (Hold_fdpe_C_D)         0.038     1.598    FDPE_7
  -------------------------------------------------------------------
                         required time                         -1.598    
                         arrival time                           1.643    
  -------------------------------------------------------------------
                         slack                                  0.045    





Pulse Width Checks
--------------------------------------------------------------------------------------
Clock Name:         soc_crg_clkout3
Waveform(ns):       { 0.000 2.500 }
Period(ns):         5.000
Sources:            { MMCME2_ADV/CLKOUT3 }

Check Type        Corner  Lib Pin            Reference Pin  Required(ns)  Actual(ns)  Slack(ns)  Location  Pin
Min Period        n/a     IDELAYCTRL/REFCLK  n/a            3.225         5.000       1.775                IDELAYCTRL/REFCLK
Max Period        n/a     IDELAYCTRL/REFCLK  n/a            5.264         5.000       0.264                IDELAYCTRL/REFCLK
Low Pulse Width   Slow    FDPE/C             n/a            0.500         2.500       2.000                FDPE_6/C
High Pulse Width  Slow    FDPE/C             n/a            0.500         2.500       2.000                FDPE_6/C



---------------------------------------------------------------------------------------------------
From Clock:  soc_crg_clkout4
  To Clock:  soc_crg_clkout4

Setup :           NA  Failing Endpoints,  Worst Slack           NA  ,  Total Violation           NA
Hold  :           NA  Failing Endpoints,  Worst Slack           NA  ,  Total Violation           NA
PW    :            0  Failing Endpoints,  Worst Slack       17.845ns,  Total Violation        0.000ns
---------------------------------------------------------------------------------------------------


Pulse Width Checks
--------------------------------------------------------------------------------------
Clock Name:         soc_crg_clkout4
Waveform(ns):       { 0.000 10.000 }
Period(ns):         20.000
Sources:            { MMCME2_ADV/CLKOUT4 }

Check Type  Corner  Lib Pin             Reference Pin  Required(ns)  Actual(ns)  Slack(ns)  Location  Pin
Min Period  n/a     BUFG/I              n/a            2.155         20.000      17.845               BUFG_4/I
Max Period  n/a     MMCME2_ADV/CLKOUT4  n/a            213.360       20.000      193.360              MMCME2_ADV/CLKOUT4



---------------------------------------------------------------------------------------------------
From Clock:  soc_crg_clkout5
  To Clock:  soc_crg_clkout5

Setup :           NA  Failing Endpoints,  Worst Slack           NA  ,  Total Violation           NA
Hold  :           NA  Failing Endpoints,  Worst Slack           NA  ,  Total Violation           NA
PW    :            0  Failing Endpoints,  Worst Slack       22.845ns,  Total Violation        0.000ns
---------------------------------------------------------------------------------------------------


Pulse Width Checks
--------------------------------------------------------------------------------------
Clock Name:         soc_crg_clkout5
Waveform(ns):       { 0.000 12.500 }
Period(ns):         25.000
Sources:            { MMCME2_ADV/CLKOUT5 }

Check Type  Corner  Lib Pin             Reference Pin  Required(ns)  Actual(ns)  Slack(ns)  Location  Pin
Min Period  n/a     BUFG/I              n/a            2.155         25.000      22.845               BUFG_5/I
Max Period  n/a     MMCME2_ADV/CLKOUT5  n/a            213.360       25.000      188.360              MMCME2_ADV/CLKOUT5



